early console in extract_kernel
input_data: 0x000000000248c2c4
input_len: 0x00000000006e4504
output: 0x0000000001000000
output_len: 0x0000000001b345cc
kernel_total_size: 0x0000000001830000
needed_size: 0x0000000001c00000
trampoline_32bit: 0x0000000000000000
Physical KASLR using RDRAND RDTSC...
Virtual KASLR using RDRAND RDTSC...

Decompressing Linux... Parsing ELF... Performing relocations... done.
Booting the kernel (entry_offset: 0x0000000000000000).
[    0.000000] Linux version 6.12.93-kvm-study (root@iZj6casq7btuvf7rvg76v2Z) (gcc (Ubuntu 13.3.0-6ubuntu2~24.04.1) 13.3.0, GNU ld (GNU Binutils for Ubuntu) 2.42) #8 SMP PREEMPT_DYNAMIC Mon Aug 31 10:59:52 CST 2026
[    0.000000] Command line: console=ttyS0 earlyprintk=serial rdinit=/init autotest
[    0.000000] BIOS-provided physical RAM map:
[    0.000000] BIOS-e820: [mem 0x0000000000000000-0x000000000009fbff] usable
[    0.000000] BIOS-e820: [mem 0x000000000009fc00-0x000000000009ffff] reserved
[    0.000000] BIOS-e820: [mem 0x00000000000f0000-0x00000000000fffff] reserved
[    0.000000] BIOS-e820: [mem 0x0000000000100000-0x000000000ffdefff] usable
[    0.000000] BIOS-e820: [mem 0x000000000ffdf000-0x000000000fffffff] reserved
[    0.000000] BIOS-e820: [mem 0x00000000b0000000-0x00000000bfffffff] reserved
[    0.000000] BIOS-e820: [mem 0x00000000fed1c000-0x00000000fed1ffff] reserved
[    0.000000] BIOS-e820: [mem 0x00000000feffc000-0x00000000feffffff] reserved
[    0.000000] BIOS-e820: [mem 0x00000000fffc0000-0x00000000ffffffff] reserved
[    0.000000] printk: legacy bootconsole [earlyser0] enabled
[    0.000000] NX (Execute Disable) protection: active
[    0.000000] APIC: Static calls initialized
[    0.000000] SMBIOS 3.0.0 present.
[    0.000000] DMI: QEMU Standard PC (Q35 + ICH9, 2009), BIOS 1.16.3-debian-1.16.3-2 04/01/2014
[    0.000000] DMI: Memory slots populated: 1/1
[    0.000000] Hypervisor detected: KVM
[    0.000000] last_pfn = 0xffdf max_arch_pfn = 0x400000000
[    0.000000] kvm-clock: Using msrs 4b564d01 and 4b564d00
[    0.000001] kvm-clock: using sched offset of 323416848 cycles
[    0.001307] clocksource: kvm-clock: mask: 0xffffffffffffffff max_cycles: 0x1cd42e4dffb, max_idle_ns: 881590591483 ns
[    0.005370] tsc: Detected 2500.000 MHz processor
[    0.009075] last_pfn = 0xffdf max_arch_pfn = 0x400000000
[    0.010498] MTRR map: 4 entries (3 fixed + 1 variable; max 19), built from 8 variable MTRRs
[    0.012588] x86/PAT: Configuration [0-7]: WB  WC  UC- UC  WB  WP  UC- WT  
Memory KASLR using RDRAND RDTSC...
[    0.023788] found SMP MP-table at [mem 0x000f5480-0x000f548f]
[    0.025239] Using GB pages for direct mapping
[    0.026569] RAMDISK: [mem 0x0fec0000-0x0ffcffff]
[    0.027738] ACPI: Early table checksum verification disabled
[    0.029152] ACPI: RSDP 0x00000000000F52C0 000014 (v00 BOCHS )
[    0.030603] ACPI: RSDT 0x000000000FFE230E 000038 (v01 BOCHS  BXPC     00000001 BXPC 00000001)
[    0.032736] ACPI: FACP 0x000000000FFE2106 0000F4 (v03 BOCHS  BXPC     00000001 BXPC 00000001)
[    0.034879] ACPI: DSDT 0x000000000FFE0040 0020C6 (v01 BOCHS  BXPC     00000001 BXPC 00000001)
[    0.037018] ACPI: FACS 0x000000000FFE0000 000040
[    0.038177] ACPI: APIC 0x000000000FFE21FA 000078 (v03 BOCHS  BXPC     00000001 BXPC 00000001)
[    0.040321] ACPI: HPET 0x000000000FFE2272 000038 (v01 BOCHS  BXPC     00000001 BXPC 00000001)
[    0.042464] ACPI: MCFG 0x000000000FFE22AA 00003C (v01 BOCHS  BXPC     00000001 BXPC 00000001)
[    0.044603] ACPI: WAET 0x000000000FFE22E6 000028 (v01 BOCHS  BXPC     00000001 BXPC 00000001)
[    0.046737] ACPI: Reserving FACP table memory at [mem 0xffe2106-0xffe21f9]
[    0.048458] ACPI: Reserving DSDT table memory at [mem 0xffe0040-0xffe2105]
[    0.050177] ACPI: Reserving FACS table memory at [mem 0xffe0000-0xffe003f]
[    0.051894] ACPI: Reserving APIC table memory at [mem 0xffe21fa-0xffe2271]
[    0.053612] ACPI: Reserving HPET table memory at [mem 0xffe2272-0xffe22a9]
[    0.055323] ACPI: Reserving MCFG table memory at [mem 0xffe22aa-0xffe22e5]
[    0.057047] ACPI: Reserving WAET table memory at [mem 0xffe22e6-0xffe230d]
[    0.058826] Zone ranges:
[    0.059459]   DMA      [mem 0x0000000000001000-0x0000000000ffffff]
[    0.061003]   DMA32    [mem 0x0000000001000000-0x000000000ffdefff]
[    0.062555]   Normal   empty
[    0.063271] Movable zone start for each node
[    0.064340] Early memory node ranges
[    0.065233]   node   0: [mem 0x0000000000001000-0x000000000009efff]
[    0.066806]   node   0: [mem 0x0000000000100000-0x000000000ffdefff]
[    0.068371] Initmem setup node 0 [mem 0x0000000000001000-0x000000000ffdefff]
[    0.070658] On node 0, zone DMA: 1 pages in unavailable ranges
[    0.072136] On node 0, zone DMA: 97 pages in unavailable ranges
[    0.074425] On node 0, zone DMA32: 33 pages in unavailable ranges
[    0.076582] ACPI: PM-Timer IO Port: 0x608
[    0.077607] ACPI: LAPIC_NMI (acpi_id[0xff] dfl dfl lint[0x1])
[    0.079101] IOAPIC[0]: apic_id 0, version 17, address 0xfec00000, GSI 0-23
[    0.080816] ACPI: INT_SRC_OVR (bus 0 bus_irq 0 global_irq 2 dfl dfl)
[    0.082403] ACPI: INT_SRC_OVR (bus 0 bus_irq 5 global_irq 5 high level)
[    0.084049] ACPI: INT_SRC_OVR (bus 0 bus_irq 9 global_irq 9 high level)
[    0.085699] ACPI: INT_SRC_OVR (bus 0 bus_irq 10 global_irq 10 high level)
[    0.087385] ACPI: INT_SRC_OVR (bus 0 bus_irq 11 global_irq 11 high level)
[    0.089084] ACPI: Using ACPI (MADT) for SMP configuration information
[    0.090688] ACPI: HPET id: 0x8086a201 base: 0xfed00000
[    0.091968] TSC deadline timer available
[    0.092951] CPU topo: Max. logical packages:   1
[    0.094103] CPU topo: Max. logical dies:       1
[    0.095253] CPU topo: Max. dies per package:   1
[    0.096416] CPU topo: Max. threads per core:   1
[    0.097570] CPU topo: Num. cores per package:     1
[    0.098784] CPU topo: Num. threads per package:   1
[    0.100003] CPU topo: Allowing 1 present CPUs plus 0 hotplug CPUs
[    0.101555] kvm-guest: APIC: eoi() replaced with kvm_guest_apic_eoi_write()
[    0.103341] [mem 0x10000000-0xafffffff] available for PCI devices
[    0.104871] Booting paravirtualized kernel on KVM
[    0.106045] clocksource: refined-jiffies: mask: 0xffffffff max_cycles: 0xffffffff, max_idle_ns: 7645519600211568 ns
[    0.112767] setup_percpu: NR_CPUS:64 nr_cpumask_bits:1 nr_cpu_ids:1 nr_node_ids:1
[    0.115331] percpu: Embedded 53 pages/cpu s179736 r8192 d29160 u2097152
[    0.117055] Kernel command line: console=ttyS0 earlyprintk=serial rdinit=/init autotest
[    0.119104] Unknown kernel command line parameters "autotest", will be passed to user space.
[    0.121226] random: crng init done
[    0.122107] Dentry cache hash table entries: 32768 (order: 6, 262144 bytes, linear)
[    0.124040] Inode-cache hash table entries: 16384 (order: 5, 131072 bytes, linear)
[    0.125990] Built 1 zonelists, mobility grouping on.  Total pages: 65405
[    0.127643] mem auto-init: stack:all(zero), heap alloc:off, heap free:off
[    0.130241] SLUB: HWalign=64, Order=0-3, MinObjects=0, CPUs=1, Nodes=1
[    0.131872] Kernel/User page tables isolation: enabled
Poking KASLR using RDRAND RDTSC...
[    0.133941] ftrace: allocating 28576 entries in 112 pages
[    0.140838] ftrace: allocated 112 pages with 3 groups
[    0.142829] Dynamic Preempt: none
[    0.144153] rcu: Preemptible hierarchical RCU implementation.
[    0.145566] rcu: 	RCU restricting CPUs from NR_CPUS=64 to nr_cpu_ids=1.
[    0.147190] 	Trampoline variant of Tasks RCU enabled.
[    0.148432] 	Rude variant of Tasks RCU enabled.
[    0.149543] 	Tracing variant of Tasks RCU enabled.
[    0.150712] rcu: RCU calculated value of scheduler-enlistment delay is 25 jiffies.
[    0.152562] rcu: Adjusting geometry for rcu_fanout_leaf=16, nr_cpu_ids=1
[    0.154204] RCU Tasks: Setting shift to 0 and lim to 1 rcu_task_cb_adjust=1 rcu_task_cpu_ids=1.
[    0.156329] RCU Tasks Rude: Setting shift to 0 and lim to 1 rcu_task_cb_adjust=1 rcu_task_cpu_ids=1.
[    0.158567] RCU Tasks Trace: Setting shift to 0 and lim to 1 rcu_task_cb_adjust=1 rcu_task_cpu_ids=1.
[    0.162114] NR_IRQS: 4352, nr_irqs: 256, preallocated irqs: 16
[    0.163775] rcu: srcu_init: Setting srcu_struct sizes based on contention.
[    0.177588] Console: colour VGA+ 80x25
[    0.178572] printk: legacy console [ttyS0] enabled
[    0.178572] printk: legacy console [ttyS0] enabled
[    0.180945] printk: legacy bootconsole [earlyser0] disabled
[    0.180945] printk: legacy bootconsole [earlyser0] disabled
[    0.183704] ACPI: Core revision 20240827
[    0.184888] clocksource: hpet: mask: 0xffffffff max_cycles: 0xffffffff, max_idle_ns: 19112604467 ns
[    0.187299] APIC: Switch to symmetric I/O mode setup
[    0.190760] ..TIMER: vector=0x30 apic1=0 pin1=2 apic2=-1 pin2=-1
[    0.192339] clocksource: tsc-early: mask: 0xffffffffffffffff max_cycles: 0x240939f1bb2, max_idle_ns: 440795263295 ns
[    0.194944] Calibrating delay loop (skipped) preset value.. 5000.00 BogoMIPS (lpj=10000000)
[    0.199216] x86/cpu: User Mode Instruction Prevention (UMIP) activated
[    0.201019] Last level iTLB entries: 4KB 0, 2MB 0, 4MB 0
[    0.202946] Last level dTLB entries: 4KB 0, 2MB 0, 4MB 0, 1GB 0
[    0.204425] Spectre V1 : Mitigation: usercopy/swapgs barriers and __user pointer sanitization
[    0.206951] Spectre V2 : Spectre BHI mitigation: SW BHB clearing on syscall and VM exit
[    0.208931] Spectre V2 : Mitigation: IBRS
[    0.209934] Spectre V2 : Spectre v2 / SpectreRSB: Filling RSB on context switch and VMEXIT
[    0.210946] RETBleed: Mitigation: IBRS
[    0.211891] Spectre V2 : mitigation: Enabling conditional Indirect Branch Prediction Barrier
[    0.214946] Speculative Store Bypass: Mitigation: Speculative Store Bypass disabled via prctl
[    0.217047] MDS: Mitigation: Clear CPU buffers
[    0.218946] TAA: Mitigation: Clear CPU buffers
[    0.220055] MMIO Stale Data: Mitigation: Clear CPU buffers
[    0.221416] active return thunk: its_return_thunk
[    0.222592] ITS: Mitigation: Aligned branch/return thunks
[    0.223009] x86/fpu: Supporting XSAVE feature 0x001: 'x87 floating point registers'
[    0.224903] x86/fpu: Supporting XSAVE feature 0x002: 'SSE registers'
[    0.226946] x86/fpu: Supporting XSAVE feature 0x004: 'AVX registers'
[    0.228521] x86/fpu: Supporting XSAVE feature 0x008: 'MPX bounds registers'
[    0.230946] x86/fpu: Supporting XSAVE feature 0x010: 'MPX CSR'
[    0.232400] x86/fpu: Supporting XSAVE feature 0x020: 'AVX-512 opmask'
[    0.233995] x86/fpu: Supporting XSAVE feature 0x040: 'AVX-512 Hi256'
[    0.234946] x86/fpu: Supporting XSAVE feature 0x080: 'AVX-512 ZMM_Hi256'
[    0.236620] x86/fpu: Supporting XSAVE feature 0x200: 'Protection Keys User registers'
[    0.238946] x86/fpu: xstate_offset[2]:  576, xstate_sizes[2]:  256
[    0.240475] x86/fpu: xstate_offset[3]:  832, xstate_sizes[3]:   64
[    0.242005] x86/fpu: xstate_offset[4]:  896, xstate_sizes[4]:   64
[    0.242946] x86/fpu: xstate_offset[5]:  960, xstate_sizes[5]:   64
[    0.244484] x86/fpu: xstate_offset[6]: 1024, xstate_sizes[6]:  512
[    0.246946] x86/fpu: xstate_offset[7]: 1536, xstate_sizes[7]: 1024
[    0.248481] x86/fpu: xstate_offset[9]: 2560, xstate_sizes[9]:    8
[    0.250009] x86/fpu: Enabled xstate features 0x2ff, context size is 2568 bytes, using 'compacted' format.
[    0.280739] Freeing SMP alternatives memory: 28K
[    0.281917] pid_max: default: 32768 minimum: 301
[    0.282970] Mount-cache hash table entries: 512 (order: 0, 4096 bytes, linear)
[    0.284760] Mountpoint-cache hash table entries: 512 (order: 0, 4096 bytes, linear)
[    0.287052] smpboot: CPU0: Intel(R) Xeon(R) Platinum 8163 CPU @ 2.50GHz (family: 0x6, model: 0x55, stepping: 0x4)
[    0.290281] Performance Events: Skylake events, full-width counters, Intel PMU driver.
[    0.290954] ... version:                2
[    0.291958] ... bit width:              48
[    0.292981] ... generic registers:      4
[    0.293984] ... value mask:             0000ffffffffffff
[    0.294949] ... max period:             00007fffffffffff
[    0.296269] ... fixed-purpose events:   3
[    0.297270] ... event mask:             000000070000000f
[    0.298779] signal: max sigframe size: 3232
[    0.298979] rcu: Hierarchical SRCU implementation.
[    0.300173] rcu: 	Max phase no-delay instances is 1000.
[    0.304253] smp: Bringing up secondary CPUs ...
[    0.305410] smp: Brought up 1 node, 1 CPU
[    0.306411] smpboot: Total of 1 processors activated (5000.00 BogoMIPS)
[    0.307085] Memory: 227664K/261620K available (12288K kernel code, 1568K rwdata, 2948K rodata, 2256K init, 1368K bss, 31076K reserved, 0K cma-reserved)
[    0.310487] devtmpfs: initialized
[    0.311132] clocksource: jiffies: mask: 0xffffffff max_cycles: 0xffffffff, max_idle_ns: 7645041785100000 ns
[    0.313550] futex hash table entries: 256 (order: 2, 16384 bytes, linear)
[    0.315014] NET: Registered PF_NETLINK/PF_ROUTE protocol family
[    0.316583] thermal_sys: Registered thermal governor 'step_wise'
[    0.316585] thermal_sys: Registered thermal governor 'user_space'
[    0.318102] cpuidle: using governor ladder
[    0.320143] PCI: ECAM [mem 0xb0000000-0xbfffffff] (base 0xb0000000) for domain 0000 [bus 00-ff]
[    0.322296] PCI: ECAM [mem 0xb0000000-0xbfffffff] reserved as E820 entry
[    0.322958] PCI: Using configuration type 1 for base access
[    0.350964] HugeTLB: registered 2.00 MiB page size, pre-allocated 0 pages
[    0.352655] HugeTLB: 28 KiB vmemmap can be freed for a 2.00 MiB page
[    0.359215] ACPI: Added _OSI(Module Device)
[    0.360274] ACPI: Added _OSI(Processor Device)
[    0.361385] ACPI: Added _OSI(Processor Aggregator Device)
[    0.363789] ACPI: 1 ACPI AML tables successfully acquired and loaded
[    0.371853] ACPI: Interpreter enabled
[    0.372802] ACPI: PM: (supports S0 S3 S5)
[    0.373814] ACPI: Using IOAPIC for interrupt routing
[    0.374971] PCI: Using host bridge windows from ACPI; if necessary, use "pci=nocrs" and report a bug
[    0.377232] PCI: Using E820 reservations for host bridge windows
[    0.378823] ACPI: Enabled 2 GPEs in block 00 to 3F
[    0.381030] ACPI: PCI Root Bridge [PCI0] (domain 0000 [bus 00-ff])
[    0.382577] acpi PNP0A08:00: _OSC: OS supports [ExtendedConfig ASPM ClockPM Segments MSI HPX-Type3]
[    0.382950] acpi PNP0A08:00: PCIe port services disabled; not requesting _OSC control
[    0.384986] PCI host bridge to bus 0000:00
[    0.386019] pci_bus 0000:00: root bus resource [io  0x0000-0x0cf7 window]
[    0.386950] pci_bus 0000:00: root bus resource [io  0x0d00-0xffff window]
[    0.388644] pci_bus 0000:00: root bus resource [mem 0x000a0000-0x000bffff window]
[    0.390501] pci_bus 0000:00: root bus resource [mem 0x10000000-0xafffffff window]
[    0.390949] pci_bus 0000:00: root bus resource [mem 0xc0000000-0xfebfffff window]
[    0.392803] pci_bus 0000:00: root bus resource [mem 0x100000000-0x8ffffffff window]
[    0.394703] pci_bus 0000:00: root bus resource [bus 00-ff]
[    0.395031] pci 0000:00:00.0: [8086:29c0] type 00 class 0x060000 conventional PCI endpoint
[    0.397848] pci 0000:00:01.0: [1234:1111] type 00 class 0x030000 conventional PCI endpoint
[    0.400975] pci 0000:00:01.0: BAR 0 [mem 0xfd000000-0xfdffffff pref]
[    0.405439] pci 0000:00:01.0: BAR 2 [mem 0xfebd4000-0xfebd4fff]
[    0.411929] pci 0000:00:01.0: ROM [mem 0xfebc0000-0xfebcffff pref]
[    0.413724] pci 0000:00:01.0: Video device with shadowed ROM at [mem 0x000c0000-0x000dffff]
[    0.415615] pci 0000:00:02.0: [8086:10d3] type 00 class 0x020000 PCIe Root Complex Integrated Endpoint
[    0.418951] pci 0000:00:02.0: BAR 0 [mem 0xfeb80000-0xfeb9ffff]
[    0.421629] pci 0000:00:02.0: BAR 1 [mem 0xfeba0000-0xfebbffff]
[    0.423958] pci 0000:00:02.0: BAR 2 [io  0xc040-0xc05f]
[    0.426397] pci 0000:00:02.0: BAR 3 [mem 0xfebd0000-0xfebd3fff]
[    0.432616] pci 0000:00:02.0: ROM [mem 0xfeb00000-0xfeb7ffff pref]
[    0.435666] pci 0000:00:1f.0: [8086:2918] type 00 class 0x060100 conventional PCI endpoint
[    0.438561] pci 0000:00:1f.0: quirk: [io  0x0600-0x067f] claimed by ICH6 ACPI/GPIO/TCO
[    0.439363] pci 0000:00:1f.2: [8086:2922] type 00 class 0x010601 conventional PCI endpoint
[    0.444388] pci 0000:00:1f.2: BAR 4 [io  0xc060-0xc07f]
[    0.446958] pci 0000:00:1f.2: BAR 5 [mem 0xfebd5000-0xfebd5fff]
[    0.451538] pci 0000:00:1f.3: [8086:2930] type 00 class 0x0c0500 conventional PCI endpoint
[    0.455417] pci 0000:00:1f.3: BAR 4 [io  0x0700-0x073f]
[    0.459546] ACPI: PCI: Interrupt link LNKA configured for IRQ 10
[    0.461619] ACPI: PCI: Interrupt link LNKB configured for IRQ 10
[    0.463048] ACPI: PCI: Interrupt link LNKC configured for IRQ 11
[    0.464639] ACPI: PCI: Interrupt link LNKD configured for IRQ 11
[    0.466239] ACPI: PCI: Interrupt link LNKE configured for IRQ 10
[    0.467045] ACPI: PCI: Interrupt link LNKF configured for IRQ 10
[    0.468633] ACPI: PCI: Interrupt link LNKG configured for IRQ 11
[    0.470221] ACPI: PCI: Interrupt link LNKH configured for IRQ 11
[    0.470991] ACPI: PCI: Interrupt link GSIA configured for IRQ 16
[    0.472491] ACPI: PCI: Interrupt link GSIB configured for IRQ 17
[    0.473986] ACPI: PCI: Interrupt link GSIC configured for IRQ 18
[    0.474956] ACPI: PCI: Interrupt link GSID configured for IRQ 19
[    0.476449] ACPI: PCI: Interrupt link GSIE configured for IRQ 20
[    0.477949] ACPI: PCI: Interrupt link GSIF configured for IRQ 21
[    0.478956] ACPI: PCI: Interrupt link GSIG configured for IRQ 22
[    0.480461] ACPI: PCI: Interrupt link GSIH configured for IRQ 23
[    0.482264] iommu: Default domain type: Translated
[    0.482950] iommu: DMA domain TLB invalidation policy: lazy mode
[    0.484836] PCI: Using ACPI for IRQ routing
[    0.595210] pci 0000:00:01.0: vgaarb: setting as boot VGA device
[    0.596720] pci 0000:00:01.0: vgaarb: bridge control possible
[    0.598146] pci 0000:00:01.0: vgaarb: VGA device added: decodes=io+mem,owns=io+mem,locks=none
[    0.598950] vgaarb: loaded
[    0.599747] clocksource: Switched to clocksource kvm-clock
[    0.601316] pnp: PnP ACPI init
[    0.602270] system 00:05: [mem 0xb0000000-0xbfffffff window] has been reserved
[    0.603556] pnp: PnP ACPI: found 6 devices
[    0.611006] clocksource: acpi_pm: mask: 0xffffff max_cycles: 0xffffff, max_idle_ns: 2085701024 ns
[    0.613269] NET: Registered PF_INET protocol family
[    0.614526] IP idents hash table entries: 4096 (order: 3, 32768 bytes, linear)
[    0.616484] tcp_listen_portaddr_hash hash table entries: 256 (order: 0, 4096 bytes, linear)
[    0.618554] Table-perturb hash table entries: 65536 (order: 6, 262144 bytes, linear)
[    0.620484] TCP established hash table entries: 2048 (order: 2, 16384 bytes, linear)
[    0.622412] TCP bind hash table entries: 2048 (order: 4, 65536 bytes, linear)
[    0.624204] TCP: Hash tables configured (established 2048 bind 2048)
[    0.625802] UDP hash table entries: 256 (order: 1, 8192 bytes, linear)
[    0.627442] UDP-Lite hash table entries: 256 (order: 1, 8192 bytes, linear)
[    0.629216] NET: Registered PF_UNIX/PF_LOCAL protocol family
[    0.630655] pci_bus 0000:00: resource 4 [io  0x0000-0x0cf7 window]
[    0.632199] pci_bus 0000:00: resource 5 [io  0x0d00-0xffff window]
[    0.633730] pci_bus 0000:00: resource 6 [mem 0x000a0000-0x000bffff window]
[    0.635440] pci_bus 0000:00: resource 7 [mem 0x10000000-0xafffffff window]
[    0.637143] pci_bus 0000:00: resource 8 [mem 0xc0000000-0xfebfffff window]
[    0.638844] pci_bus 0000:00: resource 9 [mem 0x100000000-0x8ffffffff window]
[    0.640704] PCI: CLS 0 bytes, default 64
[    0.641802] Trying to unpack rootfs image as initramfs...
[    0.658282] Freeing initrd memory: 1088K
[    0.659348] RAPL PMU: API unit is 2^-32 Joules, 0 fixed counters, 10737418240 ms ovfl timer
[    0.664038] kvm_amd: CPU 0 isn't AMD or Hygon
[    0.665158] clocksource: tsc: mask: 0xffffffffffffffff max_cycles: 0x240939f1bb2, max_idle_ns: 440795263295 ns
[    0.667891] workingset: timestamp_bits=62 max_order=16 bucket_order=0
[    0.669560] 9p: Installing v9fs 9p2000 file system support
[    0.670939] io scheduler mq-deadline registered
[    0.672089] io scheduler kyber registered
[    0.673214] input: Power Button as /devices/LNXSYSTM:00/LNXPWRBN:00/input/input0
[    0.676380] ACPI: button: Power Button [PWRF]
[    0.684644] Serial: 8250/16550 driver, 4 ports, IRQ sharing enabled
[    0.686508] 00:03: ttyS0 at I/O 0x3f8 (irq = 4, base_baud = 115200) is a 16550A
[    0.690623] brd: module loaded
[    0.691605] i8042: PNP: PS/2 Controller [PNP0303:KBD,PNP0f13:MOU] at 0x60,0x64 irq 1,12
[    0.694784] serio: i8042 KBD port at 0x60,0x64 irq 1
[    0.696054] serio: i8042 AUX port at 0x60,0x64 irq 12
[    0.697375] intel_pstate: CPU model not supported
[    0.698767] NET: Registered PF_INET6 protocol family
[    0.700539] input: AT Translated Set 2 keyboard as /devices/platform/i8042/serio0/input/input1
[    0.706704] Segment Routing with IPv6
[    0.707662] In-situ OAM (IOAM) with IPv6
[    0.708666] sit: IPv6, IPv4 and MPLS over IPv4 tunneling driver
[    0.710368] NET: Registered PF_PACKET protocol family
[    0.711655] 9pnet: Installing 9P2000 support
[    0.712902] IPI shorthand broadcast: enabled
[    0.715456] sched_clock: Marking stable (689476654, 25470904)->(738206302, -23258744)
[    0.721287] Freeing unused kernel image (initmem) memory: 2256K
[    0.722400] Write protecting the kernel read-only data: 16384k
[    0.723893] Freeing unused kernel image (rodata/data gap) memory: 1148K
[    0.725098] Run /init as init process
[    0.729854] 9pnet_virtio: no channels available for device hostshare
---- initramfs ----
kernel       : 6.12.93-kvm-study
cmdline      : console=ttyS0 earlyprintk=serial rdinit=/init autotest
hypervisor   : [    0.000000] Hypervisor detected: KVM
clocksource  : kvm-clock
timer source : [    0.599747] clocksource: Switched to clocksource kvm-clock
console      : [    0.686508] 00:03: ttyS0 at I/O 0x3f8 (irq = 4, base_baud = 115200) is a 16550A
block devs   : 
virtio devs  : 
irq counts   : 26 行
-------------------
MINIVMM_READY
[    1.112507] input: ImExPS/2 Generic Explorer Mouse as /devices/platform/i8042/serio1/input/input3
[    1.114503] ACPI: PM: Preparing to enter system sleep state S5
[    1.115680] kvm: exiting hardware virtualization
[    1.116535] reboot: Restarting system
[    1.117207] reboot: machine restart
