early console in extract_kernel
input_data: 0x000000000248c2c4
input_len: 0x00000000006e4504
output: 0x0000000001000000
output_len: 0x0000000001b345cc
kernel_total_size: 0x0000000001830000
needed_size: 0x0000000001c00000
trampoline_32bit: 0x0000000000000000
Physical KASLR using RDRAND RDTSC...
Virtual KASLR using RDRAND RDTSC...

Decompressing Linux... Parsing ELF... Performing relocations... done.
Booting the kernel (entry_offset: 0x0000000000000000).
[    0.000000] Linux version 6.12.93-kvm-study (root@iZj6casq7btuvf7rvg76v2Z) (gcc (Ubuntu 13.3.0-6ubuntu2~24.04.1) 13.3.0, GNU ld (GNU Binutils for Ubuntu) 2.42) #8 SMP PREEMPT_DYNAMIC Mon Aug 31 10:59:52 CST 2026
[    0.000000] Command line: console=ttyS0 earlyprintk=serial rdinit=/init autotest
[    0.000000] BIOS-provided physical RAM map:
[    0.000000] BIOS-e820: [mem 0x0000000000000000-0x000000000009fbff] usable
[    0.000000] BIOS-e820: [mem 0x000000000009fc00-0x000000000009ffff] reserved
[    0.000000] BIOS-e820: [mem 0x00000000000f0000-0x00000000000fffff] reserved
[    0.000000] BIOS-e820: [mem 0x0000000000100000-0x000000000fffefff] usable
[    0.000000] BIOS-e820: [mem 0x000000000ffff000-0x000000000fffffff] reserved
[    0.000000] BIOS-e820: [mem 0x00000000feffc000-0x00000000feffffff] reserved
[    0.000000] BIOS-e820: [mem 0x00000000fffc0000-0x00000000ffffffff] reserved
[    0.000000] printk: legacy bootconsole [earlyser0] enabled
[    0.000000] NX (Execute Disable) protection: active
[    0.000000] APIC: Static calls initialized
[    0.000000] SMBIOS 2.4 present.
[    0.000000] DMI: Bochs Bochs, BIOS Bochs 01/01/2011
[    0.000000] DMI: Memory slots populated: 1/1
[    0.000000] Hypervisor detected: KVM
[    0.000000] last_pfn = 0xffff max_arch_pfn = 0x400000000
[    0.000000] kvm-clock: Using msrs 4b564d01 and 4b564d00
[    0.000001] kvm-clock: using sched offset of 183292207 cycles
[    0.000773] clocksource: kvm-clock: mask: 0xffffffffffffffff max_cycles: 0x1cd42e4dffb, max_idle_ns: 881590591483 ns
[    0.003188] tsc: Detected 2500.000 MHz processor
[    0.004052] last_pfn = 0xffff max_arch_pfn = 0x400000000
[    0.004887] MTRR map: 4 entries (3 fixed + 1 variable; max 19), built from 8 variable MTRRs
[    0.006126] x86/PAT: Configuration [0-7]: WB  WC  UC- UC  WB  WP  UC- WT  
Memory KASLR using RDRAND RDTSC...
[    0.014845] found SMP MP-table at [mem 0x000f43b0-0x000f43bf]
[    0.015711] Using GB pages for direct mapping
[    0.016640] RAMDISK: [mem 0x0fee0000-0x0ffeffff]
[    0.017331] ACPI: Early table checksum verification disabled
[    0.018176] ACPI: RSDP 0x00000000000F4250 000024 (v02 BOCHS )
[    0.019035] ACPI: XSDT 0x000000000FFFFFC7 000034 (v01 BOCHS  BXPC     00000001 BXPC 00000001)
[    0.020303] ACPI: FACP 0x000000000FFFFE69 00010C (v05 BOCHS  BXPC     00000001 BXPC 00000001)
[    0.021571] ACPI: DSDT 0x000000000FFFFD40 000129 (v02 BOCHS  BXPC     00000001 BXPC 00000001)
[    0.022843] ACPI: APIC 0x000000000FFFFF75 000052 (v03 BOCHS  BXPC     00000001 BXPC 00000001)
[    0.024109] ACPI: Reserving FACP table memory at [mem 0xffffe69-0xfffff74]
[    0.025127] ACPI: Reserving DSDT table memory at [mem 0xffffd40-0xffffe68]
[    0.026145] ACPI: Reserving APIC table memory at [mem 0xfffff75-0xfffffc6]
[    0.027194] Zone ranges:
[    0.027568]   DMA      [mem 0x0000000000001000-0x0000000000ffffff]
[    0.028486]   DMA32    [mem 0x0000000001000000-0x000000000fffefff]
[    0.029402]   Normal   empty
[    0.029832] Movable zone start for each node
[    0.030461] Early memory node ranges
[    0.030991]   node   0: [mem 0x0000000000001000-0x000000000009efff]
[    0.031924]   node   0: [mem 0x0000000000100000-0x000000000fffefff]
[    0.032855] Initmem setup node 0 [mem 0x0000000000001000-0x000000000fffefff]
[    0.034381] On node 0, zone DMA: 1 pages in unavailable ranges
[    0.035268] On node 0, zone DMA: 97 pages in unavailable ranges
[    0.036953] On node 0, zone DMA32: 1 pages in unavailable ranges
[    0.038207] ACPI: LAPIC_NMI (acpi_id[0xff] dfl dfl lint[0x1])
[    0.039145] IOAPIC[0]: apic_id 0, version 32, address 0xfec00000, GSI 0-23
[    0.040247] IOAPIC[1]: apic_id 1, version 32, address 0xfec10000, GSI 24-47
[    0.041285] ACPI: Using ACPI (MADT) for SMP configuration information
[    0.042240] TSC deadline timer available
[    0.042825] CPU topo: Max. logical packages:   1
[    0.043513] CPU topo: Max. logical dies:       1
[    0.044197] CPU topo: Max. dies per package:   1
[    0.044890] CPU topo: Max. threads per core:   1
[    0.045569] CPU topo: Num. cores per package:     1
[    0.046292] CPU topo: Num. threads per package:   1
[    0.047017] CPU topo: Allowing 1 present CPUs plus 0 hotplug CPUs
[    0.047940] kvm-guest: APIC: eoi() replaced with kvm_guest_apic_eoi_write()
[    0.048992] [mem 0x10000000-0xfeffbfff] available for PCI devices
[    0.049898] Booting paravirtualized kernel on KVM
[    0.050592] clocksource: refined-jiffies: mask: 0xffffffff max_cycles: 0xffffffff, max_idle_ns: 7645519600211568 ns
[    0.056279] setup_percpu: NR_CPUS:64 nr_cpumask_bits:1 nr_cpu_ids:1 nr_node_ids:1
[    0.058050] percpu: Embedded 53 pages/cpu s179736 r8192 d29160 u2097152
[    0.059093] Kernel command line: console=ttyS0 earlyprintk=serial rdinit=/init autotest
[    0.060325] Unknown kernel command line parameters "autotest", will be passed to user space.
[    0.061593] random: crng init done
[    0.062133] Dentry cache hash table entries: 32768 (order: 6, 262144 bytes, linear)
[    0.063293] Inode-cache hash table entries: 16384 (order: 5, 131072 bytes, linear)
[    0.064472] Built 1 zonelists, mobility grouping on.  Total pages: 65437
[    0.065452] mem auto-init: stack:all(zero), heap alloc:off, heap free:off
[    0.067326] SLUB: HWalign=64, Order=0-3, MinObjects=0, CPUs=1, Nodes=1
[    0.068294] Kernel/User page tables isolation: enabled
Poking KASLR using RDRAND RDTSC...
[    0.069509] ftrace: allocating 28576 entries in 112 pages
[    0.076156] ftrace: allocated 112 pages with 3 groups
[    0.077667] Dynamic Preempt: none
[    0.078645] rcu: Preemptible hierarchical RCU implementation.
[    0.079476] rcu: 	RCU restricting CPUs from NR_CPUS=64 to nr_cpu_ids=1.
[    0.080425] 	Trampoline variant of Tasks RCU enabled.
[    0.081153] 	Rude variant of Tasks RCU enabled.
[    0.081800] 	Tracing variant of Tasks RCU enabled.
[    0.082490] rcu: RCU calculated value of scheduler-enlistment delay is 25 jiffies.
[    0.083578] rcu: Adjusting geometry for rcu_fanout_leaf=16, nr_cpu_ids=1
[    0.084543] RCU Tasks: Setting shift to 0 and lim to 1 rcu_task_cb_adjust=1 rcu_task_cpu_ids=1.
[    0.085789] RCU Tasks Rude: Setting shift to 0 and lim to 1 rcu_task_cb_adjust=1 rcu_task_cpu_ids=1.
[    0.087106] RCU Tasks Trace: Setting shift to 0 and lim to 1 rcu_task_cb_adjust=1 rcu_task_cpu_ids=1.
[    0.089735] NR_IRQS: 4352, nr_irqs: 256, preallocated irqs: 0
[    0.090609] rcu: srcu_init: Setting srcu_struct sizes based on contention.
[    0.091730] Console: colour *CGA 80x25
[    0.092330] printk: legacy console [ttyS0] enabled
[    0.092330] printk: legacy console [ttyS0] enabled
[    0.093735] printk: legacy bootconsole [earlyser0] disabled
[    0.093735] printk: legacy bootconsole [earlyser0] disabled
[    0.095384] ACPI: Core revision 20240827
[    0.096001] APIC: Switch to symmetric I/O mode setup
[    0.096773] clocksource: tsc-early: mask: 0xffffffffffffffff max_cycles: 0x240939f1bb2, max_idle_ns: 440795263295 ns
[    0.098336] Calibrating delay loop (skipped) preset value.. 5000.00 BogoMIPS (lpj=10000000)
[    0.099734] x86/cpu: User Mode Instruction Prevention (UMIP) activated
[    0.100791] Last level iTLB entries: 4KB 0, 2MB 0, 4MB 0
[    0.101588] Last level dTLB entries: 4KB 0, 2MB 0, 4MB 0, 1GB 0
[    0.102335] Spectre V1 : Mitigation: usercopy/swapgs barriers and __user pointer sanitization
[    0.102335] Spectre V2 : Spectre BHI mitigation: SW BHB clearing on syscall and VM exit
[    0.102335] Spectre V2 : Mitigation: IBRS
[    0.102335] Spectre V2 : Spectre v2 / SpectreRSB: Filling RSB on context switch and VMEXIT
[    0.102335] RETBleed: Mitigation: IBRS
[    0.102335] Spectre V2 : mitigation: Enabling conditional Indirect Branch Prediction Barrier
[    0.102335] Speculative Store Bypass: Mitigation: Speculative Store Bypass disabled via prctl
[    0.102335] MDS: Mitigation: Clear CPU buffers
[    0.102335] TAA: Mitigation: Clear CPU buffers
[    0.102335] MMIO Stale Data: Mitigation: Clear CPU buffers
[    0.102335] active return thunk: its_return_thunk
[    0.102335] ITS: Mitigation: Aligned branch/return thunks
[    0.102335] x86/fpu: Supporting XSAVE feature 0x001: 'x87 floating point registers'
[    0.102335] x86/fpu: Supporting XSAVE feature 0x002: 'SSE registers'
[    0.102335] x86/fpu: Supporting XSAVE feature 0x004: 'AVX registers'
[    0.102335] x86/fpu: Supporting XSAVE feature 0x008: 'MPX bounds registers'
[    0.102335] x86/fpu: Supporting XSAVE feature 0x010: 'MPX CSR'
[    0.102335] x86/fpu: Supporting XSAVE feature 0x020: 'AVX-512 opmask'
[    0.102335] x86/fpu: Supporting XSAVE feature 0x040: 'AVX-512 Hi256'
[    0.102335] x86/fpu: Supporting XSAVE feature 0x080: 'AVX-512 ZMM_Hi256'
[    0.102335] x86/fpu: Supporting XSAVE feature 0x200: 'Protection Keys User registers'
[    0.102335] x86/fpu: xstate_offset[2]:  576, xstate_sizes[2]:  256
[    0.102335] x86/fpu: xstate_offset[3]:  832, xstate_sizes[3]:   64
[    0.102335] x86/fpu: xstate_offset[4]:  896, xstate_sizes[4]:   64
[    0.102335] x86/fpu: xstate_offset[5]:  960, xstate_sizes[5]:   64
[    0.102335] x86/fpu: xstate_offset[6]: 1024, xstate_sizes[6]:  512
[    0.102335] x86/fpu: xstate_offset[7]: 1536, xstate_sizes[7]: 1024
[    0.102335] x86/fpu: xstate_offset[9]: 2560, xstate_sizes[9]:    8
[    0.102335] x86/fpu: Enabled xstate features 0x2ff, context size is 2568 bytes, using 'compacted' format.
[    0.102335] Freeing SMP alternatives memory: 28K
[    0.102335] pid_max: default: 32768 minimum: 301
[    0.102335] Mount-cache hash table entries: 512 (order: 0, 4096 bytes, linear)
[    0.102335] Mountpoint-cache hash table entries: 512 (order: 0, 4096 bytes, linear)
[    0.102335] smpboot: CPU0: Intel(R) Xeon(R) Platinum 8163 CPU @ 2.50GHz (family: 0x6, model: 0x55, stepping: 0x4)
[    0.102335] Performance Events: Skylake events, full-width counters, Intel PMU driver.
[    0.102335] ... version:                2
[    0.102335] ... bit width:              48
[    0.102340] ... generic registers:      4
[    0.102937] ... value mask:             0000ffffffffffff
[    0.103726] ... max period:             00007fffffffffff
[    0.104514] ... fixed-purpose events:   3
[    0.105115] ... event mask:             000000070000000f
[    0.106059] signal: max sigframe size: 3232
[    0.106366] rcu: Hierarchical SRCU implementation.
[    0.107085] rcu: 	Max phase no-delay instances is 1000.
[    0.110628] smp: Bringing up secondary CPUs ...
[    0.111328] smp: Brought up 1 node, 1 CPU
[    0.111940] smpboot: Total of 1 processors activated (5000.00 BogoMIPS)
[    0.113004] Memory: 227808K/261748K available (12288K kernel code, 1568K rwdata, 2948K rodata, 2256K init, 1368K bss, 31076K reserved, 0K cma-reserved)
[    0.114401] devtmpfs: initialized
[    0.115040] clocksource: jiffies: mask: 0xffffffff max_cycles: 0xffffffff, max_idle_ns: 7645041785100000 ns
[    0.116492] futex hash table entries: 256 (order: 2, 16384 bytes, linear)
[    0.117550] NET: Registered PF_NETLINK/PF_ROUTE protocol family
[    0.118394] thermal_sys: Registered thermal governor 'step_wise'
[    0.118396] thermal_sys: Registered thermal governor 'user_space'
[    0.119305] cpuidle: using governor ladder
[    0.120927] PCI: Fatal: No config space access function found
[    0.146587] HugeTLB: registered 2.00 MiB page size, pre-allocated 0 pages
[    0.147611] HugeTLB: 28 KiB vmemmap can be freed for a 2.00 MiB page
[    0.150360] ACPI: Added _OSI(Module Device)
[    0.150999] ACPI: Added _OSI(Processor Device)
[    0.151665] ACPI: Added _OSI(Processor Aggregator Device)
[    0.152523] ACPI: 1 ACPI AML tables successfully acquired and loaded
[    0.158509] ACPI: Interpreter enabled
[    0.159091] ACPI: PM: (supports S0 S5)
[    0.159655] ACPI: Using IOAPIC for interrupt routing
[    0.160409] PCI: Using host bridge windows from ACPI; if necessary, use "pci=nocrs" and report a bug
[    0.161762] PCI: Using E820 reservations for host bridge windows
[    0.162665] iommu: Default domain type: Translated
[    0.163403] iommu: DMA domain TLB invalidation policy: lazy mode
[    0.164449] PCI: Using ACPI for IRQ routing
[    0.165083] PCI: System does not support PCI
[    0.170434] vgaarb: loaded
[    0.170877] clocksource: Switched to clocksource kvm-clock
[    0.171806] pnp: PnP ACPI init
[    0.172317] pnp: PnP ACPI: found 1 devices
[    0.174329] NET: Registered PF_INET protocol family
[    0.174916] IP idents hash table entries: 4096 (order: 3, 32768 bytes, linear)
[    0.176102] tcp_listen_portaddr_hash hash table entries: 256 (order: 0, 4096 bytes, linear)
[    0.177339] Table-perturb hash table entries: 65536 (order: 6, 262144 bytes, linear)
[    0.178498] TCP established hash table entries: 2048 (order: 2, 16384 bytes, linear)
[    0.179646] TCP bind hash table entries: 2048 (order: 4, 65536 bytes, linear)
[    0.180711] TCP: Hash tables configured (established 2048 bind 2048)
[    0.181672] UDP hash table entries: 256 (order: 1, 8192 bytes, linear)
[    0.182654] UDP-Lite hash table entries: 256 (order: 1, 8192 bytes, linear)
[    0.183703] NET: Registered PF_UNIX/PF_LOCAL protocol family
[    0.184557] PCI: CLS 0 bytes, default 64
[    0.185711] Trying to unpack rootfs image as initramfs...
[    0.198600] RAPL PMU: API unit is 2^-32 Joules, 0 fixed counters, 10737418240 ms ovfl timer
[    0.204614] Freeing initrd memory: 1088K
[    0.205259] kvm_amd: CPU 0 isn't AMD or Hygon
[    0.205916] clocksource: tsc: mask: 0xffffffffffffffff max_cycles: 0x240939f1bb2, max_idle_ns: 440795263295 ns
[    0.207426] platform rtc_cmos: registered platform RTC device (no PNP device found)
[    0.208789] workingset: timestamp_bits=62 max_order=16 bucket_order=0
[    0.209802] 9p: Installing v9fs 9p2000 file system support
[    0.210644] io scheduler mq-deadline registered
[    0.211330] io scheduler kyber registered
[    0.212295] input: Power Button as /devices/LNXSYSTM:00/LNXSYBUS:00/PNP0C0C:00/input/input0
[    0.213556] ACPI: button: Power Button [PWRB]
[    0.220514] Serial: 8250/16550 driver, 4 ports, IRQ sharing enabled
[    0.221650] 00:00: ttyS0 at I/O 0x3f8 (irq = 49, base_baud = 115200) is a 16550A
[    0.224071] brd: module loaded
[    0.224590] i8042: PNP: No PS/2 controller found.
[    0.225328] intel_pstate: CPU model not supported
[    0.226170] NET: Registered PF_INET6 protocol family
[    0.227074] Segment Routing with IPv6
[    0.227639] In-situ OAM (IOAM) with IPv6
[    0.228262] sit: IPv6, IPv4 and MPLS over IPv4 tunneling driver
[    0.229255] NET: Registered PF_PACKET protocol family
[    0.230021] 9pnet: Installing 9P2000 support
[    0.230763] IPI shorthand broadcast: enabled
[    0.232838] sched_clock: Marking stable (223945089, 6728089)->(297452280, -66779102)
[    0.236801] Freeing unused kernel image (initmem) memory: 2256K
[    0.237400] Write protecting the kernel read-only data: 16384k
[    0.238394] Freeing unused kernel image (rodata/data gap) memory: 1148K
[    0.239032] Run /init as init process
[    0.242783] 9pnet_virtio: no channels available for device hostshare
---- initramfs ----
kernel       : 6.12.93-kvm-study
cmdline      : console=ttyS0 earlyprintk=serial rdinit=/init autotest
hypervisor   : [    0.000000] Hypervisor detected: KVM
clocksource  : kvm-clock
timer source : [    0.170877] clocksource: Switched to clocksource kvm-clock
console      : [    0.221650] 00:00: ttyS0 at I/O 0x3f8 (irq = 49, base_baud = 115200) is a 16550A
block devs   : 
virtio devs  : 
irq counts   : 23 行
-------------------
MINIVMM_READY
[    0.262667] ACPI: PM: Preparing to enter system sleep state S5
[    0.263239] kvm: exiting hardware virtualization
[    0.263686] reboot: Restarting system
[    0.264048] reboot: machine restart
