early console in extract_kernel
input_data: 0x000000000248c2c4
input_len: 0x00000000006e4504
output: 0x0000000001000000
output_len: 0x0000000001b345cc
kernel_total_size: 0x0000000001830000
needed_size: 0x0000000001c00000
trampoline_32bit: 0x0000000000000000
Physical KASLR using RDRAND RDTSC...
Virtual KASLR using RDRAND RDTSC...

Decompressing Linux... Parsing ELF... Performing relocations... done.
Booting the kernel (entry_offset: 0x0000000000000000).
[    0.000000] Linux version 6.12.93-kvm-study (root@iZj6casq7btuvf7rvg76v2Z) (gcc (Ubuntu 13.3.0-6ubuntu2~24.04.1) 13.3.0, GNU ld (GNU Binutils for Ubuntu) 2.42) #8 SMP PREEMPT_DYNAMIC Mon Aug 31 10:59:52 CST 2026
[    0.000000] Command line: console=ttyS0 earlyprintk=serial rdinit=/init autotest
[    0.000000] BIOS-provided physical RAM map:
[    0.000000] BIOS-e820: [mem 0x0000000000000000-0x000000000009fbff] usable
[    0.000000] BIOS-e820: [mem 0x000000000009fc00-0x000000000009ffff] reserved
[    0.000000] BIOS-e820: [mem 0x00000000000f0000-0x00000000000fffff] reserved
[    0.000000] BIOS-e820: [mem 0x0000000000100000-0x000000000ffdefff] usable
[    0.000000] BIOS-e820: [mem 0x000000000ffdf000-0x000000000fffffff] reserved
[    0.000000] BIOS-e820: [mem 0x00000000b0000000-0x00000000bfffffff] reserved
[    0.000000] BIOS-e820: [mem 0x00000000fed1c000-0x00000000fed1ffff] reserved
[    0.000000] BIOS-e820: [mem 0x00000000feffc000-0x00000000feffffff] reserved
[    0.000000] BIOS-e820: [mem 0x00000000fffc0000-0x00000000ffffffff] reserved
[    0.000000] printk: legacy bootconsole [earlyser0] enabled
[    0.000000] NX (Execute Disable) protection: active
[    0.000000] APIC: Static calls initialized
[    0.000000] SMBIOS 3.0.0 present.
[    0.000000] DMI: QEMU Standard PC (Q35 + ICH9, 2009), BIOS 1.16.3-debian-1.16.3-2 04/01/2014
[    0.000000] DMI: Memory slots populated: 1/1
[    0.000000] Hypervisor detected: KVM
[    0.000000] last_pfn = 0xffdf max_arch_pfn = 0x400000000
[    0.000000] kvm-clock: Using msrs 4b564d01 and 4b564d00
[    0.000001] kvm-clock: using sched offset of 281512418 cycles
[    0.001053] clocksource: kvm-clock: mask: 0xffffffffffffffff max_cycles: 0x1cd42e4dffb, max_idle_ns: 881590591483 ns
[    0.004326] tsc: Detected 2500.000 MHz processor
[    0.007775] last_pfn = 0xffdf max_arch_pfn = 0x400000000
[    0.008894] MTRR map: 4 entries (3 fixed + 1 variable; max 19), built from 8 variable MTRRs
[    0.010587] x86/PAT: Configuration [0-7]: WB  WC  UC- UC  WB  WP  UC- WT  
Memory KASLR using RDRAND RDTSC...
[    0.021246] found SMP MP-table at [mem 0x000f5480-0x000f548f]
[    0.022425] Using GB pages for direct mapping
[    0.023468] RAMDISK: [mem 0x0fec0000-0x0ffcffff]
[    0.024408] ACPI: Early table checksum verification disabled
[    0.025561] ACPI: RSDP 0x00000000000F52C0 000014 (v00 BOCHS )
[    0.026731] ACPI: RSDT 0x000000000FFE230E 000038 (v01 BOCHS  BXPC     00000001 BXPC 00000001)
[    0.028467] ACPI: FACP 0x000000000FFE2106 0000F4 (v03 BOCHS  BXPC     00000001 BXPC 00000001)
[    0.030200] ACPI: DSDT 0x000000000FFE0040 0020C6 (v01 BOCHS  BXPC     00000001 BXPC 00000001)
[    0.031932] ACPI: FACS 0x000000000FFE0000 000040
[    0.032872] ACPI: APIC 0x000000000FFE21FA 000078 (v03 BOCHS  BXPC     00000001 BXPC 00000001)
[    0.034605] ACPI: HPET 0x000000000FFE2272 000038 (v01 BOCHS  BXPC     00000001 BXPC 00000001)
[    0.036329] ACPI: MCFG 0x000000000FFE22AA 00003C (v01 BOCHS  BXPC     00000001 BXPC 00000001)
[    0.038058] ACPI: WAET 0x000000000FFE22E6 000028 (v01 BOCHS  BXPC     00000001 BXPC 00000001)
[    0.039791] ACPI: Reserving FACP table memory at [mem 0xffe2106-0xffe21f9]
[    0.041182] ACPI: Reserving DSDT table memory at [mem 0xffe0040-0xffe2105]
[    0.042576] ACPI: Reserving FACS table memory at [mem 0xffe0000-0xffe003f]
[    0.043962] ACPI: Reserving APIC table memory at [mem 0xffe21fa-0xffe2271]
[    0.045350] ACPI: Reserving HPET table memory at [mem 0xffe2272-0xffe22a9]
[    0.046741] ACPI: Reserving MCFG table memory at [mem 0xffe22aa-0xffe22e5]
[    0.048126] ACPI: Reserving WAET table memory at [mem 0xffe22e6-0xffe230d]
[    0.049576] Zone ranges:
[    0.050090]   DMA      [mem 0x0000000000001000-0x0000000000ffffff]
[    0.051350]   DMA32    [mem 0x0000000001000000-0x000000000ffdefff]
[    0.052618]   Normal   empty
[    0.053201] Movable zone start for each node
[    0.054072] Early memory node ranges
[    0.054802]   node   0: [mem 0x0000000000001000-0x000000000009efff]
[    0.056079]   node   0: [mem 0x0000000000100000-0x000000000ffdefff]
[    0.057351] Initmem setup node 0 [mem 0x0000000000001000-0x000000000ffdefff]
[    0.059263] On node 0, zone DMA: 1 pages in unavailable ranges
[    0.060468] On node 0, zone DMA: 97 pages in unavailable ranges
[    0.062438] On node 0, zone DMA32: 33 pages in unavailable ranges
[    0.064164] ACPI: PM-Timer IO Port: 0x608
[    0.064995] ACPI: LAPIC_NMI (acpi_id[0xff] dfl dfl lint[0x1])
[    0.066203] IOAPIC[0]: apic_id 0, version 17, address 0xfec00000, GSI 0-23
[    0.067605] ACPI: INT_SRC_OVR (bus 0 bus_irq 0 global_irq 2 dfl dfl)
[    0.068892] ACPI: INT_SRC_OVR (bus 0 bus_irq 5 global_irq 5 high level)
[    0.070228] ACPI: INT_SRC_OVR (bus 0 bus_irq 9 global_irq 9 high level)
[    0.071567] ACPI: INT_SRC_OVR (bus 0 bus_irq 10 global_irq 10 high level)
[    0.072934] ACPI: INT_SRC_OVR (bus 0 bus_irq 11 global_irq 11 high level)
[    0.074304] ACPI: Using ACPI (MADT) for SMP configuration information
[    0.075613] ACPI: HPET id: 0x8086a201 base: 0xfed00000
[    0.076658] TSC deadline timer available
[    0.077472] CPU topo: Max. logical packages:   1
[    0.078401] CPU topo: Max. logical dies:       1
[    0.079333] CPU topo: Max. dies per package:   1
[    0.080270] CPU topo: Max. threads per core:   1
[    0.081203] CPU topo: Num. cores per package:     1
[    0.082185] CPU topo: Num. threads per package:   1
[    0.083170] CPU topo: Allowing 1 present CPUs plus 0 hotplug CPUs
[    0.084414] kvm-guest: APIC: eoi() replaced with kvm_guest_apic_eoi_write()
[    0.085850] [mem 0x10000000-0xafffffff] available for PCI devices
[    0.087078] Booting paravirtualized kernel on KVM
[    0.088029] clocksource: refined-jiffies: mask: 0xffffffff max_cycles: 0xffffffff, max_idle_ns: 7645519600211568 ns
[    0.094211] setup_percpu: NR_CPUS:64 nr_cpumask_bits:1 nr_cpu_ids:1 nr_node_ids:1
[    0.096393] percpu: Embedded 53 pages/cpu s179736 r8192 d29160 u2097152
[    0.097793] Kernel command line: console=ttyS0 earlyprintk=serial rdinit=/init autotest
[    0.099459] Unknown kernel command line parameters "autotest", will be passed to user space.
[    0.101178] random: crng init done
[    0.101899] Dentry cache hash table entries: 32768 (order: 6, 262144 bytes, linear)
[    0.103489] Inode-cache hash table entries: 16384 (order: 5, 131072 bytes, linear)
[    0.105068] Built 1 zonelists, mobility grouping on.  Total pages: 65405
[    0.106401] mem auto-init: stack:all(zero), heap alloc:off, heap free:off
[    0.108646] SLUB: HWalign=64, Order=0-3, MinObjects=0, CPUs=1, Nodes=1
[    0.109956] Kernel/User page tables isolation: enabled
Poking KASLR using RDRAND RDTSC...
[    0.111621] ftrace: allocating 28576 entries in 112 pages
[    0.118230] ftrace: allocated 112 pages with 3 groups
[    0.119981] Dynamic Preempt: none
[    0.121142] rcu: Preemptible hierarchical RCU implementation.
[    0.122283] rcu: 	RCU restricting CPUs from NR_CPUS=64 to nr_cpu_ids=1.
[    0.123599] 	Trampoline variant of Tasks RCU enabled.
[    0.124601] 	Rude variant of Tasks RCU enabled.
[    0.125496] 	Tracing variant of Tasks RCU enabled.
[    0.126436] rcu: RCU calculated value of scheduler-enlistment delay is 25 jiffies.
[    0.127936] rcu: Adjusting geometry for rcu_fanout_leaf=16, nr_cpu_ids=1
[    0.129262] RCU Tasks: Setting shift to 0 and lim to 1 rcu_task_cb_adjust=1 rcu_task_cpu_ids=1.
[    0.130988] RCU Tasks Rude: Setting shift to 0 and lim to 1 rcu_task_cb_adjust=1 rcu_task_cpu_ids=1.
[    0.132799] RCU Tasks Trace: Setting shift to 0 and lim to 1 rcu_task_cb_adjust=1 rcu_task_cpu_ids=1.
[    0.135888] NR_IRQS: 4352, nr_irqs: 256, preallocated irqs: 16
[    0.137252] rcu: srcu_init: Setting srcu_struct sizes based on contention.
[    0.147605] Console: colour VGA+ 80x25
[    0.148389] printk: legacy console [ttyS0] enabled
[    0.148389] printk: legacy console [ttyS0] enabled
[    0.150311] printk: legacy bootconsole [earlyser0] disabled
[    0.150311] printk: legacy bootconsole [earlyser0] disabled
[    0.152551] ACPI: Core revision 20240827
[    0.153503] clocksource: hpet: mask: 0xffffffff max_cycles: 0xffffffff, max_idle_ns: 19112604467 ns
[    0.155446] APIC: Switch to symmetric I/O mode setup
[    0.157994] ..TIMER: vector=0x30 apic1=0 pin1=2 apic2=-1 pin2=-1
[    0.159233] clocksource: tsc-early: mask: 0xffffffffffffffff max_cycles: 0x240939f1bb2, max_idle_ns: 440795263295 ns
[    0.161366] Calibrating delay loop (skipped) preset value.. 5000.00 BogoMIPS (lpj=10000000)
[    0.163199] x86/cpu: User Mode Instruction Prevention (UMIP) activated
[    0.165461] Last level iTLB entries: 4KB 0, 2MB 0, 4MB 0
[    0.166531] Last level dTLB entries: 4KB 0, 2MB 0, 4MB 0, 1GB 0
[    0.167726] Spectre V1 : Mitigation: usercopy/swapgs barriers and __user pointer sanitization
[    0.169371] Spectre V2 : Spectre BHI mitigation: SW BHB clearing on syscall and VM exit
[    0.170967] Spectre V2 : Mitigation: IBRS
[    0.171781] Spectre V2 : Spectre v2 / SpectreRSB: Filling RSB on context switch and VMEXIT
[    0.173368] RETBleed: Mitigation: IBRS
[    0.174130] Spectre V2 : mitigation: Enabling conditional Indirect Branch Prediction Barrier
[    0.175808] Speculative Store Bypass: Mitigation: Speculative Store Bypass disabled via prctl
[    0.177368] MDS: Mitigation: Clear CPU buffers
[    0.178278] TAA: Mitigation: Clear CPU buffers
[    0.179178] MMIO Stale Data: Mitigation: Clear CPU buffers
[    0.181368] active return thunk: its_return_thunk
[    0.182328] ITS: Mitigation: Aligned branch/return thunks
[    0.183457] x86/fpu: Supporting XSAVE feature 0x001: 'x87 floating point registers'
[    0.185368] x86/fpu: Supporting XSAVE feature 0x002: 'SSE registers'
[    0.186648] x86/fpu: Supporting XSAVE feature 0x004: 'AVX registers'
[    0.187927] x86/fpu: Supporting XSAVE feature 0x008: 'MPX bounds registers'
[    0.189324] x86/fpu: Supporting XSAVE feature 0x010: 'MPX CSR'
[    0.189367] x86/fpu: Supporting XSAVE feature 0x020: 'AVX-512 opmask'
[    0.190659] x86/fpu: Supporting XSAVE feature 0x040: 'AVX-512 Hi256'
[    0.191932] x86/fpu: Supporting XSAVE feature 0x080: 'AVX-512 ZMM_Hi256'
[    0.193368] x86/fpu: Supporting XSAVE feature 0x200: 'Protection Keys User registers'
[    0.194933] x86/fpu: xstate_offset[2]:  576, xstate_sizes[2]:  256
[    0.196173] x86/fpu: xstate_offset[3]:  832, xstate_sizes[3]:   64
[    0.197368] x86/fpu: xstate_offset[4]:  896, xstate_sizes[4]:   64
[    0.198607] x86/fpu: xstate_offset[5]:  960, xstate_sizes[5]:   64
[    0.199843] x86/fpu: xstate_offset[6]: 1024, xstate_sizes[6]:  512
[    0.201367] x86/fpu: xstate_offset[7]: 1536, xstate_sizes[7]: 1024
[    0.202614] x86/fpu: xstate_offset[9]: 2560, xstate_sizes[9]:    8
[    0.203852] x86/fpu: Enabled xstate features 0x2ff, context size is 2568 bytes, using 'compacted' format.
[    0.234791] Freeing SMP alternatives memory: 28K
[    0.235750] pid_max: default: 32768 minimum: 301
[    0.236713] Mount-cache hash table entries: 512 (order: 0, 4096 bytes, linear)
[    0.237369] Mountpoint-cache hash table entries: 512 (order: 0, 4096 bytes, linear)
[    0.239088] smpboot: CPU0: Intel(R) Xeon(R) Platinum 8163 CPU @ 2.50GHz (family: 0x6, model: 0x55, stepping: 0x4)
[    0.241366] Performance Events: Skylake events, full-width counters, Intel PMU driver.
[    0.241372] ... version:                2
[    0.242187] ... bit width:              48
[    0.243015] ... generic registers:      4
[    0.243827] ... value mask:             0000ffffffffffff
[    0.244893] ... max period:             00007fffffffffff
[    0.245369] ... fixed-purpose events:   3
[    0.246181] ... event mask:             000000070000000f
[    0.247415] signal: max sigframe size: 3232
[    0.248294] rcu: Hierarchical SRCU implementation.
[    0.249261] rcu: 	Max phase no-delay instances is 1000.
[    0.252129] smp: Bringing up secondary CPUs ...
[    0.253063] smp: Brought up 1 node, 1 CPU
[    0.253373] smpboot: Total of 1 processors activated (5000.00 BogoMIPS)
[    0.254787] Memory: 227664K/261620K available (12288K kernel code, 1568K rwdata, 2948K rodata, 2256K init, 1368K bss, 31076K reserved, 0K cma-reserved)
[    0.257425] devtmpfs: initialized
[    0.258267] clocksource: jiffies: mask: 0xffffffff max_cycles: 0xffffffff, max_idle_ns: 7645041785100000 ns
[    0.260220] futex hash table entries: 256 (order: 2, 16384 bytes, linear)
[    0.261427] NET: Registered PF_NETLINK/PF_ROUTE protocol family
[    0.262719] thermal_sys: Registered thermal governor 'step_wise'
[    0.262720] thermal_sys: Registered thermal governor 'user_space'
[    0.263946] cpuidle: using governor ladder
[    0.265506] PCI: ECAM [mem 0xb0000000-0xbfffffff] (base 0xb0000000) for domain 0000 [bus 00-ff]
[    0.267251] PCI: ECAM [mem 0xb0000000-0xbfffffff] reserved as E820 entry
[    0.268614] PCI: Using configuration type 1 for base access
[    0.293595] HugeTLB: registered 2.00 MiB page size, pre-allocated 0 pages
[    0.294974] HugeTLB: 28 KiB vmemmap can be freed for a 2.00 MiB page
[    0.301606] ACPI: Added _OSI(Module Device)
[    0.302465] ACPI: Added _OSI(Processor Device)
[    0.303368] ACPI: Added _OSI(Processor Aggregator Device)
[    0.305511] ACPI: 1 ACPI AML tables successfully acquired and loaded
[    0.313696] ACPI: Interpreter enabled
[    0.314467] ACPI: PM: (supports S0 S3 S5)
[    0.315283] ACPI: Using IOAPIC for interrupt routing
[    0.316313] PCI: Using host bridge windows from ACPI; if necessary, use "pci=nocrs" and report a bug
[    0.317370] PCI: Using E820 reservations for host bridge windows
[    0.318658] ACPI: Enabled 2 GPEs in block 00 to 3F
[    0.321549] ACPI: PCI Root Bridge [PCI0] (domain 0000 [bus 00-ff])
[    0.322805] acpi PNP0A08:00: _OSC: OS supports [ExtendedConfig ASPM ClockPM Segments MSI HPX-Type3]
[    0.324617] acpi PNP0A08:00: PCIe port services disabled; not requesting _OSC control
[    0.325459] PCI host bridge to bus 0000:00
[    0.326292] pci_bus 0000:00: root bus resource [io  0x0000-0x0cf7 window]
[    0.327670] pci_bus 0000:00: root bus resource [io  0x0d00-0xffff window]
[    0.329037] pci_bus 0000:00: root bus resource [mem 0x000a0000-0x000bffff window]
[    0.329370] pci_bus 0000:00: root bus resource [mem 0x10000000-0xafffffff window]
[    0.330873] pci_bus 0000:00: root bus resource [mem 0xc0000000-0xfebfffff window]
[    0.332386] pci_bus 0000:00: root bus resource [mem 0x100000000-0x8ffffffff window]
[    0.333369] pci_bus 0000:00: root bus resource [bus 00-ff]
[    0.334542] pci 0000:00:00.0: [8086:29c0] type 00 class 0x060000 conventional PCI endpoint
[    0.336797] pci 0000:00:01.0: [1234:1111] type 00 class 0x030000 conventional PCI endpoint
[    0.339324] pci 0000:00:01.0: BAR 0 [mem 0xfd000000-0xfdffffff pref]
[    0.343486] pci 0000:00:01.0: BAR 2 [mem 0xfebd4000-0xfebd4fff]
[    0.349366] pci 0000:00:01.0: ROM [mem 0xfebc0000-0xfebcffff pref]
[    0.349547] pci 0000:00:01.0: Video device with shadowed ROM at [mem 0x000c0000-0x000dffff]
[    0.351713] pci 0000:00:02.0: [8086:10d3] type 00 class 0x020000 PCIe Root Complex Integrated Endpoint
[    0.355124] pci 0000:00:02.0: BAR 0 [mem 0xfeb80000-0xfeb9ffff]
[    0.357861] pci 0000:00:02.0: BAR 1 [mem 0xfeba0000-0xfebbffff]
[    0.360141] pci 0000:00:02.0: BAR 2 [io  0xc040-0xc05f]
[    0.362340] pci 0000:00:02.0: BAR 3 [mem 0xfebd0000-0xfebd3fff]
[    0.368139] pci 0000:00:02.0: ROM [mem 0xfeb00000-0xfeb7ffff pref]
[    0.370517] pci 0000:00:1f.0: [8086:2918] type 00 class 0x060100 conventional PCI endpoint
[    0.372829] pci 0000:00:1f.0: quirk: [io  0x0600-0x067f] claimed by ICH6 ACPI/GPIO/TCO
[    0.373698] pci 0000:00:1f.2: [8086:2922] type 00 class 0x010601 conventional PCI endpoint
[    0.378669] pci 0000:00:1f.2: BAR 4 [io  0xc060-0xc07f]
[    0.380779] pci 0000:00:1f.2: BAR 5 [mem 0xfebd5000-0xfebd5fff]
[    0.382920] pci 0000:00:1f.3: [8086:2930] type 00 class 0x0c0500 conventional PCI endpoint
[    0.386585] pci 0000:00:1f.3: BAR 4 [io  0x0700-0x073f]
[    0.389923] ACPI: PCI: Interrupt link LNKA configured for IRQ 10
[    0.391230] ACPI: PCI: Interrupt link LNKB configured for IRQ 10
[    0.392518] ACPI: PCI: Interrupt link LNKC configured for IRQ 11
[    0.393451] ACPI: PCI: Interrupt link LNKD configured for IRQ 11
[    0.394737] ACPI: PCI: Interrupt link LNKE configured for IRQ 10
[    0.396430] ACPI: PCI: Interrupt link LNKF configured for IRQ 10
[    0.397456] ACPI: PCI: Interrupt link LNKG configured for IRQ 11
[    0.398750] ACPI: PCI: Interrupt link LNKH configured for IRQ 11
[    0.399994] ACPI: PCI: Interrupt link GSIA configured for IRQ 16
[    0.401209] ACPI: PCI: Interrupt link GSIB configured for IRQ 17
[    0.401376] ACPI: PCI: Interrupt link GSIC configured for IRQ 18
[    0.402596] ACPI: PCI: Interrupt link GSID configured for IRQ 19
[    0.403809] ACPI: PCI: Interrupt link GSIE configured for IRQ 20
[    0.405096] ACPI: PCI: Interrupt link GSIF configured for IRQ 21
[    0.405376] ACPI: PCI: Interrupt link GSIG configured for IRQ 22
[    0.406594] ACPI: PCI: Interrupt link GSIH configured for IRQ 23
[    0.408053] iommu: Default domain type: Translated
[    0.409032] iommu: DMA domain TLB invalidation policy: lazy mode
[    0.409690] PCI: Using ACPI for IRQ routing
[    0.495118] pci 0000:00:01.0: vgaarb: setting as boot VGA device
[    0.496332] pci 0000:00:01.0: vgaarb: bridge control possible
[    0.497366] pci 0000:00:01.0: vgaarb: VGA device added: decodes=io+mem,owns=io+mem,locks=none
[    0.497370] vgaarb: loaded
[    0.498006] clocksource: Switched to clocksource kvm-clock
[    0.499271] pnp: PnP ACPI init
[    0.500060] system 00:05: [mem 0xb0000000-0xbfffffff window] has been reserved
[    0.501135] pnp: PnP ACPI: found 6 devices
[    0.508269] clocksource: acpi_pm: mask: 0xffffff max_cycles: 0xffffff, max_idle_ns: 2085701024 ns
[    0.510103] NET: Registered PF_INET protocol family
[    0.511131] IP idents hash table entries: 4096 (order: 3, 32768 bytes, linear)
[    0.512719] tcp_listen_portaddr_hash hash table entries: 256 (order: 0, 4096 bytes, linear)
[    0.514416] Table-perturb hash table entries: 65536 (order: 6, 262144 bytes, linear)
[    0.515972] TCP established hash table entries: 2048 (order: 2, 16384 bytes, linear)
[    0.517537] TCP bind hash table entries: 2048 (order: 4, 65536 bytes, linear)
[    0.518981] TCP: Hash tables configured (established 2048 bind 2048)
[    0.520288] UDP hash table entries: 256 (order: 1, 8192 bytes, linear)
[    0.521619] UDP-Lite hash table entries: 256 (order: 1, 8192 bytes, linear)
[    0.523051] NET: Registered PF_UNIX/PF_LOCAL protocol family
[    0.524226] pci_bus 0000:00: resource 4 [io  0x0000-0x0cf7 window]
[    0.525480] pci_bus 0000:00: resource 5 [io  0x0d00-0xffff window]
[    0.526728] pci_bus 0000:00: resource 6 [mem 0x000a0000-0x000bffff window]
[    0.528116] pci_bus 0000:00: resource 7 [mem 0x10000000-0xafffffff window]
[    0.529503] pci_bus 0000:00: resource 8 [mem 0xc0000000-0xfebfffff window]
[    0.530886] pci_bus 0000:00: resource 9 [mem 0x100000000-0x8ffffffff window]
[    0.532397] PCI: CLS 0 bytes, default 64
[    0.533276] Trying to unpack rootfs image as initramfs...
[    0.549426] Freeing initrd memory: 1088K
[    0.550282] RAPL PMU: API unit is 2^-32 Joules, 0 fixed counters, 10737418240 ms ovfl timer
[    0.554154] kvm_amd: CPU 0 isn't AMD or Hygon
[    0.555052] clocksource: tsc: mask: 0xffffffffffffffff max_cycles: 0x240939f1bb2, max_idle_ns: 440795263295 ns
[    0.557311] workingset: timestamp_bits=62 max_order=16 bucket_order=0
[    0.558667] 9p: Installing v9fs 9p2000 file system support
[    0.559785] io scheduler mq-deadline registered
[    0.560713] io scheduler kyber registered
[    0.561629] input: Power Button as /devices/LNXSYSTM:00/LNXPWRBN:00/input/input0
[    0.563201] ACPI: button: Power Button [PWRF]
[    0.570393] Serial: 8250/16550 driver, 4 ports, IRQ sharing enabled
[    0.571881] 00:03: ttyS0 at I/O 0x3f8 (irq = 4, base_baud = 115200) is a 16550A
[    0.575242] brd: module loaded
[    0.575949] i8042: PNP: PS/2 Controller [PNP0303:KBD,PNP0f13:MOU] at 0x60,0x64 irq 1,12
[    0.578493] serio: i8042 KBD port at 0x60,0x64 irq 1
[    0.579504] serio: i8042 AUX port at 0x60,0x64 irq 12
[    0.580548] intel_pstate: CPU model not supported
[    0.581658] NET: Registered PF_INET6 protocol family
[    0.583062] input: AT Translated Set 2 keyboard as /devices/platform/i8042/serio0/input/input1
[    0.588014] Segment Routing with IPv6
[    0.588775] In-situ OAM (IOAM) with IPv6
[    0.589600] sit: IPv6, IPv4 and MPLS over IPv4 tunneling driver
[    0.590905] NET: Registered PF_PACKET protocol family
[    0.591937] 9pnet: Installing 9P2000 support
[    0.592897] IPI shorthand broadcast: enabled
[    0.595199] sched_clock: Marking stable (579025666, 14739107)->(614149788, -20385015)
[    0.599272] Freeing unused kernel image (initmem) memory: 2256K
[    0.600204] Write protecting the kernel read-only data: 16384k
[    0.601518] Freeing unused kernel image (rodata/data gap) memory: 1148K
[    0.602533] Run /init as init process
[    0.606743] 9pnet_virtio: no channels available for device hostshare
---- initramfs ----
kernel       : 6.12.93-kvm-study
cmdline      : console=ttyS0 earlyprintk=serial rdinit=/init autotest
hypervisor   : [    0.000000] Hypervisor detected: KVM
clocksource  : kvm-clock
timer source : [    0.498006] clocksource: Switched to clocksource kvm-clock
console      : [    0.571881] 00:03: ttyS0 at I/O 0x3f8 (irq = 4, base_baud = 115200) is a 16550A
block devs   : 
virtio devs  : 
irq counts   : 26 行
-------------------
MINIVMM_READY
[    0.994661] input: ImExPS/2 Generic Explorer Mouse as /devices/platform/i8042/serio1/input/input3
[    0.996314] ACPI: PM: Preparing to enter system sleep state S5
[    0.997240] kvm: exiting hardware virtualization
[    0.997938] reboot: Restarting system
[    0.998494] reboot: machine restart
