early console in extract_kernel
input_data: 0x000000000248c2c4
input_len: 0x00000000006e4504
output: 0x0000000001000000
output_len: 0x0000000001b345cc
kernel_total_size: 0x0000000001830000
needed_size: 0x0000000001c00000
trampoline_32bit: 0x0000000000000000
Physical KASLR using RDRAND RDTSC...
Virtual KASLR using RDRAND RDTSC...

Decompressing Linux... Parsing ELF... Performing relocations... done.
Booting the kernel (entry_offset: 0x0000000000000000).
[    0.000000] Linux version 6.12.93-kvm-study (root@iZj6casq7btuvf7rvg76v2Z) (gcc (Ubuntu 13.3.0-6ubuntu2~24.04.1) 13.3.0, GNU ld (GNU Binutils for Ubuntu) 2.42) #8 SMP PREEMPT_DYNAMIC Mon Aug 31 10:59:52 CST 2026
[    0.000000] Command line: console=ttyS0 earlyprintk=serial rdinit=/init autotest
[    0.000000] BIOS-provided physical RAM map:
[    0.000000] BIOS-e820: [mem 0x0000000000000000-0x000000000009fbff] usable
[    0.000000] BIOS-e820: [mem 0x000000000009fc00-0x000000000009ffff] reserved
[    0.000000] BIOS-e820: [mem 0x00000000000f0000-0x00000000000fffff] reserved
[    0.000000] BIOS-e820: [mem 0x0000000000100000-0x000000000ffdefff] usable
[    0.000000] BIOS-e820: [mem 0x000000000ffdf000-0x000000000fffffff] reserved
[    0.000000] BIOS-e820: [mem 0x00000000b0000000-0x00000000bfffffff] reserved
[    0.000000] BIOS-e820: [mem 0x00000000fed1c000-0x00000000fed1ffff] reserved
[    0.000000] BIOS-e820: [mem 0x00000000feffc000-0x00000000feffffff] reserved
[    0.000000] BIOS-e820: [mem 0x00000000fffc0000-0x00000000ffffffff] reserved
[    0.000000] printk: legacy bootconsole [earlyser0] enabled
[    0.000000] NX (Execute Disable) protection: active
[    0.000000] APIC: Static calls initialized
[    0.000000] SMBIOS 3.0.0 present.
[    0.000000] DMI: QEMU Standard PC (Q35 + ICH9, 2009), BIOS 1.16.3-debian-1.16.3-2 04/01/2014
[    0.000000] DMI: Memory slots populated: 1/1
[    0.000000] Hypervisor detected: KVM
[    0.000000] last_pfn = 0xffdf max_arch_pfn = 0x400000000
[    0.000000] kvm-clock: Using msrs 4b564d01 and 4b564d00
[    0.000001] kvm-clock: using sched offset of 324397059 cycles
[    0.001308] clocksource: kvm-clock: mask: 0xffffffffffffffff max_cycles: 0x1cd42e4dffb, max_idle_ns: 881590591483 ns
[    0.005364] tsc: Detected 2500.000 MHz processor
[    0.009049] last_pfn = 0xffdf max_arch_pfn = 0x400000000
[    0.010466] MTRR map: 4 entries (3 fixed + 1 variable; max 19), built from 8 variable MTRRs
[    0.012553] x86/PAT: Configuration [0-7]: WB  WC  UC- UC  WB  WP  UC- WT  
Memory KASLR using RDRAND RDTSC...
[    0.023741] found SMP MP-table at [mem 0x000f5480-0x000f548f]
[    0.025204] Using GB pages for direct mapping
[    0.026508] RAMDISK: [mem 0x0fec0000-0x0ffcffff]
[    0.027670] ACPI: Early table checksum verification disabled
[    0.029091] ACPI: RSDP 0x00000000000F52C0 000014 (v00 BOCHS )
[    0.030527] ACPI: RSDT 0x000000000FFE230E 000038 (v01 BOCHS  BXPC     00000001 BXPC 00000001)
[    0.032664] ACPI: FACP 0x000000000FFE2106 0000F4 (v03 BOCHS  BXPC     00000001 BXPC 00000001)
[    0.034799] ACPI: DSDT 0x000000000FFE0040 0020C6 (v01 BOCHS  BXPC     00000001 BXPC 00000001)
[    0.036932] ACPI: FACS 0x000000000FFE0000 000040
[    0.038094] ACPI: APIC 0x000000000FFE21FA 000078 (v03 BOCHS  BXPC     00000001 BXPC 00000001)
[    0.040222] ACPI: HPET 0x000000000FFE2272 000038 (v01 BOCHS  BXPC     00000001 BXPC 00000001)
[    0.042350] ACPI: MCFG 0x000000000FFE22AA 00003C (v01 BOCHS  BXPC     00000001 BXPC 00000001)
[    0.044478] ACPI: WAET 0x000000000FFE22E6 000028 (v01 BOCHS  BXPC     00000001 BXPC 00000001)
[    0.046606] ACPI: Reserving FACP table memory at [mem 0xffe2106-0xffe21f9]
[    0.048316] ACPI: Reserving DSDT table memory at [mem 0xffe0040-0xffe2105]
[    0.050026] ACPI: Reserving FACS table memory at [mem 0xffe0000-0xffe003f]
[    0.051732] ACPI: Reserving APIC table memory at [mem 0xffe21fa-0xffe2271]
[    0.053444] ACPI: Reserving HPET table memory at [mem 0xffe2272-0xffe22a9]
[    0.055152] ACPI: Reserving MCFG table memory at [mem 0xffe22aa-0xffe22e5]
[    0.056862] ACPI: Reserving WAET table memory at [mem 0xffe22e6-0xffe230d]
[    0.058648] Zone ranges:
[    0.059286]   DMA      [mem 0x0000000000001000-0x0000000000ffffff]
[    0.060850]   DMA32    [mem 0x0000000001000000-0x000000000ffdefff]
[    0.062444]   Normal   empty
[    0.063162] Movable zone start for each node
[    0.064226] Early memory node ranges
[    0.065116]   node   0: [mem 0x0000000000001000-0x000000000009efff]
[    0.066677]   node   0: [mem 0x0000000000100000-0x000000000ffdefff]
[    0.068241] Initmem setup node 0 [mem 0x0000000000001000-0x000000000ffdefff]
[    0.070478] On node 0, zone DMA: 1 pages in unavailable ranges
[    0.071951] On node 0, zone DMA: 97 pages in unavailable ranges
[    0.074199] On node 0, zone DMA32: 33 pages in unavailable ranges
[    0.076363] ACPI: PM-Timer IO Port: 0x608
[    0.077386] ACPI: LAPIC_NMI (acpi_id[0xff] dfl dfl lint[0x1])
[    0.078883] IOAPIC[0]: apic_id 0, version 17, address 0xfec00000, GSI 0-23
[    0.080602] ACPI: INT_SRC_OVR (bus 0 bus_irq 0 global_irq 2 dfl dfl)
[    0.082191] ACPI: INT_SRC_OVR (bus 0 bus_irq 5 global_irq 5 high level)
[    0.083835] ACPI: INT_SRC_OVR (bus 0 bus_irq 9 global_irq 9 high level)
[    0.085484] ACPI: INT_SRC_OVR (bus 0 bus_irq 10 global_irq 10 high level)
[    0.087176] ACPI: INT_SRC_OVR (bus 0 bus_irq 11 global_irq 11 high level)
[    0.088875] ACPI: Using ACPI (MADT) for SMP configuration information
[    0.090485] ACPI: HPET id: 0x8086a201 base: 0xfed00000
[    0.091777] TSC deadline timer available
[    0.092766] CPU topo: Max. logical packages:   1
[    0.093915] CPU topo: Max. logical dies:       1
[    0.095070] CPU topo: Max. dies per package:   1
[    0.096230] CPU topo: Max. threads per core:   1
[    0.097381] CPU topo: Num. cores per package:     1
[    0.098594] CPU topo: Num. threads per package:   1
[    0.099807] CPU topo: Allowing 1 present CPUs plus 0 hotplug CPUs
[    0.101349] kvm-guest: APIC: eoi() replaced with kvm_guest_apic_eoi_write()
[    0.103122] [mem 0x10000000-0xafffffff] available for PCI devices
[    0.104648] Booting paravirtualized kernel on KVM
[    0.105819] clocksource: refined-jiffies: mask: 0xffffffff max_cycles: 0xffffffff, max_idle_ns: 7645519600211568 ns
[    0.112553] setup_percpu: NR_CPUS:64 nr_cpumask_bits:1 nr_cpu_ids:1 nr_node_ids:1
[    0.115081] percpu: Embedded 53 pages/cpu s179736 r8192 d29160 u2097152
[    0.116806] Kernel command line: console=ttyS0 earlyprintk=serial rdinit=/init autotest
[    0.118865] Unknown kernel command line parameters "autotest", will be passed to user space.
[    0.121006] random: crng init done
[    0.121889] Dentry cache hash table entries: 32768 (order: 6, 262144 bytes, linear)
[    0.123830] Inode-cache hash table entries: 16384 (order: 5, 131072 bytes, linear)
[    0.125790] Built 1 zonelists, mobility grouping on.  Total pages: 65405
[    0.127437] mem auto-init: stack:all(zero), heap alloc:off, heap free:off
[    0.129984] SLUB: HWalign=64, Order=0-3, MinObjects=0, CPUs=1, Nodes=1
[    0.131614] Kernel/User page tables isolation: enabled
Poking KASLR using RDRAND RDTSC...
[    0.133679] ftrace: allocating 28576 entries in 112 pages
[    0.140872] ftrace: allocated 112 pages with 3 groups
[    0.142925] Dynamic Preempt: none
[    0.144276] rcu: Preemptible hierarchical RCU implementation.
[    0.145685] rcu: 	RCU restricting CPUs from NR_CPUS=64 to nr_cpu_ids=1.
[    0.147321] 	Trampoline variant of Tasks RCU enabled.
[    0.148558] 	Rude variant of Tasks RCU enabled.
[    0.149700] 	Tracing variant of Tasks RCU enabled.
[    0.150883] rcu: RCU calculated value of scheduler-enlistment delay is 25 jiffies.
[    0.152737] rcu: Adjusting geometry for rcu_fanout_leaf=16, nr_cpu_ids=1
[    0.154383] RCU Tasks: Setting shift to 0 and lim to 1 rcu_task_cb_adjust=1 rcu_task_cpu_ids=1.
[    0.156513] RCU Tasks Rude: Setting shift to 0 and lim to 1 rcu_task_cb_adjust=1 rcu_task_cpu_ids=1.
[    0.158748] RCU Tasks Trace: Setting shift to 0 and lim to 1 rcu_task_cb_adjust=1 rcu_task_cpu_ids=1.
[    0.162284] NR_IRQS: 4352, nr_irqs: 256, preallocated irqs: 16
[    0.163946] rcu: srcu_init: Setting srcu_struct sizes based on contention.
[    0.177726] Console: colour VGA+ 80x25
[    0.178716] printk: legacy console [ttyS0] enabled
[    0.178716] printk: legacy console [ttyS0] enabled
[    0.181093] printk: legacy bootconsole [earlyser0] disabled
[    0.181093] printk: legacy bootconsole [earlyser0] disabled
[    0.183849] ACPI: Core revision 20240827
[    0.185040] clocksource: hpet: mask: 0xffffffff max_cycles: 0xffffffff, max_idle_ns: 19112604467 ns
[    0.187450] APIC: Switch to symmetric I/O mode setup
[    0.190916] ..TIMER: vector=0x30 apic1=0 pin1=2 apic2=-1 pin2=-1
[    0.192487] clocksource: tsc-early: mask: 0xffffffffffffffff max_cycles: 0x240939f1bb2, max_idle_ns: 440795263295 ns
[    0.195083] Calibrating delay loop (skipped) preset value.. 5000.00 BogoMIPS (lpj=10000000)
[    0.199355] x86/cpu: User Mode Instruction Prevention (UMIP) activated
[    0.201148] Last level iTLB entries: 4KB 0, 2MB 0, 4MB 0
[    0.203084] Last level dTLB entries: 4KB 0, 2MB 0, 4MB 0, 1GB 0
[    0.204563] Spectre V1 : Mitigation: usercopy/swapgs barriers and __user pointer sanitization
[    0.207089] Spectre V2 : Spectre BHI mitigation: SW BHB clearing on syscall and VM exit
[    0.209064] Spectre V2 : Mitigation: IBRS
[    0.210066] Spectre V2 : Spectre v2 / SpectreRSB: Filling RSB on context switch and VMEXIT
[    0.211084] RETBleed: Mitigation: IBRS
[    0.212030] Spectre V2 : mitigation: Enabling conditional Indirect Branch Prediction Barrier
[    0.215084] Speculative Store Bypass: Mitigation: Speculative Store Bypass disabled via prctl
[    0.217183] MDS: Mitigation: Clear CPU buffers
[    0.219084] TAA: Mitigation: Clear CPU buffers
[    0.220192] MMIO Stale Data: Mitigation: Clear CPU buffers
[    0.221551] active return thunk: its_return_thunk
[    0.222728] ITS: Mitigation: Aligned branch/return thunks
[    0.223145] x86/fpu: Supporting XSAVE feature 0x001: 'x87 floating point registers'
[    0.225032] x86/fpu: Supporting XSAVE feature 0x002: 'SSE registers'
[    0.227084] x86/fpu: Supporting XSAVE feature 0x004: 'AVX registers'
[    0.228652] x86/fpu: Supporting XSAVE feature 0x008: 'MPX bounds registers'
[    0.230377] x86/fpu: Supporting XSAVE feature 0x010: 'MPX CSR'
[    0.231084] x86/fpu: Supporting XSAVE feature 0x020: 'AVX-512 opmask'
[    0.232678] x86/fpu: Supporting XSAVE feature 0x040: 'AVX-512 Hi256'
[    0.235084] x86/fpu: Supporting XSAVE feature 0x080: 'AVX-512 ZMM_Hi256'
[    0.236752] x86/fpu: Supporting XSAVE feature 0x200: 'Protection Keys User registers'
[    0.239084] x86/fpu: xstate_offset[2]:  576, xstate_sizes[2]:  256
[    0.240618] x86/fpu: xstate_offset[3]:  832, xstate_sizes[3]:   64
[    0.242147] x86/fpu: xstate_offset[4]:  896, xstate_sizes[4]:   64
[    0.243084] x86/fpu: xstate_offset[5]:  960, xstate_sizes[5]:   64
[    0.244614] x86/fpu: xstate_offset[6]: 1024, xstate_sizes[6]:  512
[    0.246169] x86/fpu: xstate_offset[7]: 1536, xstate_sizes[7]: 1024
[    0.247084] x86/fpu: xstate_offset[9]: 2560, xstate_sizes[9]:    8
[    0.248617] x86/fpu: Enabled xstate features 0x2ff, context size is 2568 bytes, using 'compacted' format.
[    0.280824] Freeing SMP alternatives memory: 28K
[    0.282004] pid_max: default: 32768 minimum: 301
[    0.283107] Mount-cache hash table entries: 512 (order: 0, 4096 bytes, linear)
[    0.284897] Mountpoint-cache hash table entries: 512 (order: 0, 4096 bytes, linear)
[    0.286987] smpboot: CPU0: Intel(R) Xeon(R) Platinum 8163 CPU @ 2.50GHz (family: 0x6, model: 0x55, stepping: 0x4)
[    0.287082] Performance Events: Skylake events, full-width counters, Intel PMU driver.
[    0.287091] ... version:                2
[    0.288097] ... bit width:              48
[    0.289121] ... generic registers:      4
[    0.290124] ... value mask:             0000ffffffffffff
[    0.291087] ... max period:             00007fffffffffff
[    0.292404] ... fixed-purpose events:   3
[    0.293404] ... event mask:             000000070000000f
[    0.294907] signal: max sigframe size: 3232
[    0.295115] rcu: Hierarchical SRCU implementation.
[    0.296315] rcu: 	Max phase no-delay instances is 1000.
[    0.300395] smp: Bringing up secondary CPUs ...
[    0.301548] smp: Brought up 1 node, 1 CPU
[    0.302552] smpboot: Total of 1 processors activated (5000.00 BogoMIPS)
[    0.303223] Memory: 227664K/261620K available (12288K kernel code, 1568K rwdata, 2948K rodata, 2256K init, 1368K bss, 31076K reserved, 0K cma-reserved)
[    0.306609] devtmpfs: initialized
[    0.307265] clocksource: jiffies: mask: 0xffffffff max_cycles: 0xffffffff, max_idle_ns: 7645041785100000 ns
[    0.309677] futex hash table entries: 256 (order: 2, 16384 bytes, linear)
[    0.311145] NET: Registered PF_NETLINK/PF_ROUTE protocol family
[    0.312722] thermal_sys: Registered thermal governor 'step_wise'
[    0.312724] thermal_sys: Registered thermal governor 'user_space'
[    0.314229] cpuidle: using governor ladder
[    0.316276] PCI: ECAM [mem 0xb0000000-0xbfffffff] (base 0xb0000000) for domain 0000 [bus 00-ff]
[    0.318421] PCI: ECAM [mem 0xb0000000-0xbfffffff] reserved as E820 entry
[    0.319096] PCI: Using configuration type 1 for base access
[    0.347102] HugeTLB: registered 2.00 MiB page size, pre-allocated 0 pages
[    0.348806] HugeTLB: 28 KiB vmemmap can be freed for a 2.00 MiB page
[    0.355310] ACPI: Added _OSI(Module Device)
[    0.356366] ACPI: Added _OSI(Processor Device)
[    0.357477] ACPI: Added _OSI(Processor Aggregator Device)
[    0.359885] ACPI: 1 ACPI AML tables successfully acquired and loaded
[    0.368023] ACPI: Interpreter enabled
[    0.368974] ACPI: PM: (supports S0 S3 S5)
[    0.369982] ACPI: Using IOAPIC for interrupt routing
[    0.371108] PCI: Using host bridge windows from ACPI; if necessary, use "pci=nocrs" and report a bug
[    0.373366] PCI: Using E820 reservations for host bridge windows
[    0.374957] ACPI: Enabled 2 GPEs in block 00 to 3F
[    0.377143] ACPI: PCI Root Bridge [PCI0] (domain 0000 [bus 00-ff])
[    0.378699] acpi PNP0A08:00: _OSC: OS supports [ExtendedConfig ASPM ClockPM Segments MSI HPX-Type3]
[    0.379088] acpi PNP0A08:00: PCIe port services disabled; not requesting _OSC control
[    0.381119] PCI host bridge to bus 0000:00
[    0.382150] pci_bus 0000:00: root bus resource [io  0x0000-0x0cf7 window]
[    0.383088] pci_bus 0000:00: root bus resource [io  0x0d00-0xffff window]
[    0.384769] pci_bus 0000:00: root bus resource [mem 0x000a0000-0x000bffff window]
[    0.386616] pci_bus 0000:00: root bus resource [mem 0x10000000-0xafffffff window]
[    0.387087] pci_bus 0000:00: root bus resource [mem 0xc0000000-0xfebfffff window]
[    0.388936] pci_bus 0000:00: root bus resource [mem 0x100000000-0x8ffffffff window]
[    0.390825] pci_bus 0000:00: root bus resource [bus 00-ff]
[    0.391168] pci 0000:00:00.0: [8086:29c0] type 00 class 0x060000 conventional PCI endpoint
[    0.393970] pci 0000:00:01.0: [1234:1111] type 00 class 0x030000 conventional PCI endpoint
[    0.397157] pci 0000:00:01.0: BAR 0 [mem 0xfd000000-0xfdffffff pref]
[    0.401704] pci 0000:00:01.0: BAR 2 [mem 0xfebd4000-0xfebd4fff]
[    0.409141] pci 0000:00:01.0: ROM [mem 0xfebc0000-0xfebcffff pref]
[    0.411319] pci 0000:00:01.0: Video device with shadowed ROM at [mem 0x000c0000-0x000dffff]
[    0.414063] pci 0000:00:02.0: [8086:10d3] type 00 class 0x020000 PCIe Root Complex Integrated Endpoint
[    0.416364] pci 0000:00:02.0: BAR 0 [mem 0xfeb80000-0xfeb9ffff]
[    0.419071] pci 0000:00:02.0: BAR 1 [mem 0xfeba0000-0xfebbffff]
[    0.420158] pci 0000:00:02.0: BAR 2 [io  0xc040-0xc05f]
[    0.422632] pci 0000:00:02.0: BAR 3 [mem 0xfebd0000-0xfebd3fff]
[    0.428971] pci 0000:00:02.0: ROM [mem 0xfeb00000-0xfeb7ffff pref]
[    0.432030] pci 0000:00:1f.0: [8086:2918] type 00 class 0x060100 conventional PCI endpoint
[    0.434923] pci 0000:00:1f.0: quirk: [io  0x0600-0x067f] claimed by ICH6 ACPI/GPIO/TCO
[    0.435494] pci 0000:00:1f.2: [8086:2922] type 00 class 0x010601 conventional PCI endpoint
[    0.440796] pci 0000:00:1f.2: BAR 4 [io  0xc060-0xc07f]
[    0.442901] pci 0000:00:1f.2: BAR 5 [mem 0xfebd5000-0xfebd5fff]
[    0.444513] pci 0000:00:1f.3: [8086:2930] type 00 class 0x0c0500 conventional PCI endpoint
[    0.448918] pci 0000:00:1f.3: BAR 4 [io  0x0700-0x073f]
[    0.453080] ACPI: PCI: Interrupt link LNKA configured for IRQ 10
[    0.454690] ACPI: PCI: Interrupt link LNKB configured for IRQ 10
[    0.455187] ACPI: PCI: Interrupt link LNKC configured for IRQ 11
[    0.456789] ACPI: PCI: Interrupt link LNKD configured for IRQ 11
[    0.458377] ACPI: PCI: Interrupt link LNKE configured for IRQ 10
[    0.459182] ACPI: PCI: Interrupt link LNKF configured for IRQ 10
[    0.460764] ACPI: PCI: Interrupt link LNKG configured for IRQ 11
[    0.462351] ACPI: PCI: Interrupt link LNKH configured for IRQ 11
[    0.463130] ACPI: PCI: Interrupt link GSIA configured for IRQ 16
[    0.464724] ACPI: PCI: Interrupt link GSIB configured for IRQ 17
[    0.466219] ACPI: PCI: Interrupt link GSIC configured for IRQ 18
[    0.467094] ACPI: PCI: Interrupt link GSID configured for IRQ 19
[    0.468599] ACPI: PCI: Interrupt link GSIE configured for IRQ 20
[    0.470100] ACPI: PCI: Interrupt link GSIF configured for IRQ 21
[    0.471094] ACPI: PCI: Interrupt link GSIG configured for IRQ 22
[    0.472594] ACPI: PCI: Interrupt link GSIH configured for IRQ 23
[    0.474395] iommu: Default domain type: Translated
[    0.475088] iommu: DMA domain TLB invalidation policy: lazy mode
[    0.476983] PCI: Using ACPI for IRQ routing
[    0.591710] pci 0000:00:01.0: vgaarb: setting as boot VGA device
[    0.593243] pci 0000:00:01.0: vgaarb: bridge control possible
[    0.594674] pci 0000:00:01.0: vgaarb: VGA device added: decodes=io+mem,owns=io+mem,locks=none
[    0.595088] vgaarb: loaded
[    0.595890] clocksource: Switched to clocksource kvm-clock
[    0.597452] pnp: PnP ACPI init
[    0.598410] system 00:05: [mem 0xb0000000-0xbfffffff window] has been reserved
[    0.599684] pnp: PnP ACPI: found 6 devices
[    0.607116] clocksource: acpi_pm: mask: 0xffffff max_cycles: 0xffffff, max_idle_ns: 2085701024 ns
[    0.609360] NET: Registered PF_INET protocol family
[    0.610625] IP idents hash table entries: 4096 (order: 3, 32768 bytes, linear)
[    0.612579] tcp_listen_portaddr_hash hash table entries: 256 (order: 0, 4096 bytes, linear)
[    0.614643] Table-perturb hash table entries: 65536 (order: 6, 262144 bytes, linear)
[    0.616559] TCP established hash table entries: 2048 (order: 2, 16384 bytes, linear)
[    0.618475] TCP bind hash table entries: 2048 (order: 4, 65536 bytes, linear)
[    0.620257] TCP: Hash tables configured (established 2048 bind 2048)
[    0.621859] UDP hash table entries: 256 (order: 1, 8192 bytes, linear)
[    0.623493] UDP-Lite hash table entries: 256 (order: 1, 8192 bytes, linear)
[    0.625262] NET: Registered PF_UNIX/PF_LOCAL protocol family
[    0.626707] pci_bus 0000:00: resource 4 [io  0x0000-0x0cf7 window]
[    0.628248] pci_bus 0000:00: resource 5 [io  0x0d00-0xffff window]
[    0.629789] pci_bus 0000:00: resource 6 [mem 0x000a0000-0x000bffff window]
[    0.631498] pci_bus 0000:00: resource 7 [mem 0x10000000-0xafffffff window]
[    0.633204] pci_bus 0000:00: resource 8 [mem 0xc0000000-0xfebfffff window]
[    0.634908] pci_bus 0000:00: resource 9 [mem 0x100000000-0x8ffffffff window]
[    0.636772] PCI: CLS 0 bytes, default 64
[    0.637868] Trying to unpack rootfs image as initramfs...
[    0.654333] Freeing initrd memory: 1088K
[    0.655386] RAPL PMU: API unit is 2^-32 Joules, 0 fixed counters, 10737418240 ms ovfl timer
[    0.660065] kvm_amd: CPU 0 isn't AMD or Hygon
[    0.661173] clocksource: tsc: mask: 0xffffffffffffffff max_cycles: 0x240939f1bb2, max_idle_ns: 440795263295 ns
[    0.663875] workingset: timestamp_bits=62 max_order=16 bucket_order=0
[    0.666835] 9p: Installing v9fs 9p2000 file system support
[    0.668421] io scheduler mq-deadline registered
[    0.669580] io scheduler kyber registered
[    0.670962] input: Power Button as /devices/LNXSYSTM:00/LNXPWRBN:00/input/input0
[    0.673001] ACPI: button: Power Button [PWRF]
[    0.680764] Serial: 8250/16550 driver, 4 ports, IRQ sharing enabled
[    0.682619] 00:03: ttyS0 at I/O 0x3f8 (irq = 4, base_baud = 115200) is a 16550A
[    0.686554] brd: module loaded
[    0.687529] i8042: PNP: PS/2 Controller [PNP0303:KBD,PNP0f13:MOU] at 0x60,0x64 irq 1,12
[    0.690720] serio: i8042 KBD port at 0x60,0x64 irq 1
[    0.692082] serio: i8042 AUX port at 0x60,0x64 irq 12
[    0.693399] intel_pstate: CPU model not supported
[    0.694797] NET: Registered PF_INET6 protocol family
[    0.696547] input: AT Translated Set 2 keyboard as /devices/platform/i8042/serio0/input/input1
[    0.702716] Segment Routing with IPv6
[    0.703684] In-situ OAM (IOAM) with IPv6
[    0.704696] sit: IPv6, IPv4 and MPLS over IPv4 tunneling driver
[    0.706386] NET: Registered PF_PACKET protocol family
[    0.707680] 9pnet: Installing 9P2000 support
[    0.708927] IPI shorthand broadcast: enabled
[    0.711468] sched_clock: Marking stable (685641914, 25443849)->(742502299, -31416536)
[    0.717202] Freeing unused kernel image (initmem) memory: 2256K
[    0.718313] Write protecting the kernel read-only data: 16384k
[    0.719807] Freeing unused kernel image (rodata/data gap) memory: 1148K
[    0.721018] Run /init as init process
[    0.725712] 9pnet_virtio: no channels available for device hostshare
---- initramfs ----
kernel       : 6.12.93-kvm-study
cmdline      : console=ttyS0 earlyprintk=serial rdinit=/init autotest
hypervisor   : [    0.000000] Hypervisor detected: KVM
clocksource  : kvm-clock
timer source : [    0.595890] clocksource: Switched to clocksource kvm-clock
console      : [    0.682619] 00:03: ttyS0 at I/O 0x3f8 (irq = 4, base_baud = 115200) is a 16550A
block devs   : 
virtio devs  : 
irq counts   : 26 行
-------------------
MINIVMM_READY
[    1.108640] input: ImExPS/2 Generic Explorer Mouse as /devices/platform/i8042/serio1/input/input3
[    1.110616] ACPI: PM: Preparing to enter system sleep state S5
[    1.111764] kvm: exiting hardware virtualization
[    1.112622] reboot: Restarting system
[    1.113285] reboot: machine restart
